Archive member included to satisfy reference by file (symbol)

d:/vsarm/armcc/bin/../lib/gcc/arm-none-eabi/10.2.1/../../../../arm-none-eabi/lib/thumb/v7-m/nofp\libc_nano.a(lib_a-exit.o)
                              d:/vsarm/armcc/bin/../lib/gcc/arm-none-eabi/10.2.1/../../../../arm-none-eabi/lib/thumb/v7-m/nofp/crt0.o (exit)
d:/vsarm/armcc/bin/../lib/gcc/arm-none-eabi/10.2.1/../../../../arm-none-eabi/lib/thumb/v7-m/nofp\libc_nano.a(lib_a-impure.o)
                              d:/vsarm/armcc/bin/../lib/gcc/arm-none-eabi/10.2.1/../../../../arm-none-eabi/lib/thumb/v7-m/nofp\libc_nano.a(lib_a-exit.o) (_global_impure_ptr)
d:/vsarm/armcc/bin/../lib/gcc/arm-none-eabi/10.2.1/../../../../arm-none-eabi/lib/thumb/v7-m/nofp\libc_nano.a(lib_a-init.o)
                              d:/vsarm/armcc/bin/../lib/gcc/arm-none-eabi/10.2.1/../../../../arm-none-eabi/lib/thumb/v7-m/nofp/crt0.o (__libc_init_array)
d:/vsarm/armcc/bin/../lib/gcc/arm-none-eabi/10.2.1/../../../../arm-none-eabi/lib/thumb/v7-m/nofp\libc_nano.a(lib_a-memset.o)
                              d:/vsarm/armcc/bin/../lib/gcc/arm-none-eabi/10.2.1/../../../../arm-none-eabi/lib/thumb/v7-m/nofp/crt0.o (memset)
d:/vsarm/armcc/bin/../lib/gcc/arm-none-eabi/10.2.1/../../../../arm-none-eabi/lib/thumb/v7-m/nofp\libc_nano.a(lib_a-nano-vfprintf_float.o)
                              (_printf_float)
d:/vsarm/armcc/bin/../lib/gcc/arm-none-eabi/10.2.1/../../../../arm-none-eabi/lib/thumb/v7-m/nofp\libc_nano.a(lib_a-nano-vfprintf_i.o)
                              d:/vsarm/armcc/bin/../lib/gcc/arm-none-eabi/10.2.1/../../../../arm-none-eabi/lib/thumb/v7-m/nofp\libc_nano.a(lib_a-nano-vfprintf_float.o) (_printf_common)
d:/vsarm/armcc/bin/../lib/gcc/arm-none-eabi/10.2.1/../../../../arm-none-eabi/lib/thumb/v7-m/nofp\libc_nano.a(lib_a-puts.o)
                              build/main.o (puts)
d:/vsarm/armcc/bin/../lib/gcc/arm-none-eabi/10.2.1/../../../../arm-none-eabi/lib/thumb/v7-m/nofp\libc_nano.a(lib_a-strlen.o)
                              d:/vsarm/armcc/bin/../lib/gcc/arm-none-eabi/10.2.1/../../../../arm-none-eabi/lib/thumb/v7-m/nofp\libc_nano.a(lib_a-nano-vfprintf_float.o) (strlen)
d:/vsarm/armcc/bin/../lib/gcc/arm-none-eabi/10.2.1/../../../../arm-none-eabi/lib/thumb/v7-m/nofp\libc_nano.a(lib_a-wbuf.o)
                              d:/vsarm/armcc/bin/../lib/gcc/arm-none-eabi/10.2.1/../../../../arm-none-eabi/lib/thumb/v7-m/nofp\libc_nano.a(lib_a-puts.o) (__swbuf_r)
d:/vsarm/armcc/bin/../lib/gcc/arm-none-eabi/10.2.1/../../../../arm-none-eabi/lib/thumb/v7-m/nofp\libc_nano.a(lib_a-wsetup.o)
                              d:/vsarm/armcc/bin/../lib/gcc/arm-none-eabi/10.2.1/../../../../arm-none-eabi/lib/thumb/v7-m/nofp\libc_nano.a(lib_a-puts.o) (__swsetup_r)
d:/vsarm/armcc/bin/../lib/gcc/arm-none-eabi/10.2.1/../../../../arm-none-eabi/lib/thumb/v7-m/nofp\libc_nano.a(lib_a-dtoa.o)
                              d:/vsarm/armcc/bin/../lib/gcc/arm-none-eabi/10.2.1/../../../../arm-none-eabi/lib/thumb/v7-m/nofp\libc_nano.a(lib_a-nano-vfprintf_float.o) (_dtoa_r)
d:/vsarm/armcc/bin/../lib/gcc/arm-none-eabi/10.2.1/../../../../arm-none-eabi/lib/thumb/v7-m/nofp\libc_nano.a(lib_a-fflush.o)
                              d:/vsarm/armcc/bin/../lib/gcc/arm-none-eabi/10.2.1/../../../../arm-none-eabi/lib/thumb/v7-m/nofp\libc_nano.a(lib_a-wbuf.o) (_fflush_r)
d:/vsarm/armcc/bin/../lib/gcc/arm-none-eabi/10.2.1/../../../../arm-none-eabi/lib/thumb/v7-m/nofp\libc_nano.a(lib_a-findfp.o)
                              d:/vsarm/armcc/bin/../lib/gcc/arm-none-eabi/10.2.1/../../../../arm-none-eabi/lib/thumb/v7-m/nofp\libc_nano.a(lib_a-puts.o) (__sinit)
d:/vsarm/armcc/bin/../lib/gcc/arm-none-eabi/10.2.1/../../../../arm-none-eabi/lib/thumb/v7-m/nofp\libc_nano.a(lib_a-fwalk.o)
                              d:/vsarm/armcc/bin/../lib/gcc/arm-none-eabi/10.2.1/../../../../arm-none-eabi/lib/thumb/v7-m/nofp\libc_nano.a(lib_a-findfp.o) (_fwalk)
d:/vsarm/armcc/bin/../lib/gcc/arm-none-eabi/10.2.1/../../../../arm-none-eabi/lib/thumb/v7-m/nofp\libc_nano.a(lib_a-localeconv.o)
                              d:/vsarm/armcc/bin/../lib/gcc/arm-none-eabi/10.2.1/../../../../arm-none-eabi/lib/thumb/v7-m/nofp\libc_nano.a(lib_a-nano-vfprintf_float.o) (_localeconv_r)
d:/vsarm/armcc/bin/../lib/gcc/arm-none-eabi/10.2.1/../../../../arm-none-eabi/lib/thumb/v7-m/nofp\libc_nano.a(lib_a-lock.o)
                              d:/vsarm/armcc/bin/../lib/gcc/arm-none-eabi/10.2.1/../../../../arm-none-eabi/lib/thumb/v7-m/nofp\libc_nano.a(lib_a-findfp.o) (__retarget_lock_init_recursive)
d:/vsarm/armcc/bin/../lib/gcc/arm-none-eabi/10.2.1/../../../../arm-none-eabi/lib/thumb/v7-m/nofp\libc_nano.a(lib_a-makebuf.o)
                              d:/vsarm/armcc/bin/../lib/gcc/arm-none-eabi/10.2.1/../../../../arm-none-eabi/lib/thumb/v7-m/nofp\libc_nano.a(lib_a-wsetup.o) (__smakebuf_r)
d:/vsarm/armcc/bin/../lib/gcc/arm-none-eabi/10.2.1/../../../../arm-none-eabi/lib/thumb/v7-m/nofp\libc_nano.a(lib_a-malloc.o)
[...]
Memory Configuration

Name             Origin             Length             Attributes
RAM              0x20000000         0x00010000         xrw
FLASH            0x08000000         0x00080000         xr
*default*        0x00000000         0xffffffff

Linker script and memory map

LOAD d:/vsarm/armcc/bin/../lib/gcc/arm-none-eabi/10.2.1/thumb/v7-m/nofp/crti.o
LOAD d:/vsarm/armcc/bin/../lib/gcc/arm-none-eabi/10.2.1/thumb/v7-m/nofp/crtbegin.o
LOAD d:/vsarm/armcc/bin/../lib/gcc/arm-none-eabi/10.2.1/../../../../arm-none-eabi/lib/thumb/v7-m/nofp/crt0.o
LOAD build/main.o
LOAD build/gpio.o
LOAD build/stm32f1xx_it.o
LOAD build/stm32f1xx_hal_msp.o
LOAD build/stm32f1xx_hal_gpio_ex.o
LOAD build/stm32f1xx_hal_tim.o
LOAD build/stm32f1xx_hal_tim_ex.o
LOAD build/stm32f1xx_hal.o
LOAD build/stm32f1xx_hal_rcc.o
LOAD build/stm32f1xx_hal_rcc_ex.o
LOAD build/stm32f1xx_hal_gpio.o
LOAD build/stm32f1xx_hal_dma.o
LOAD build/stm32f1xx_hal_cortex.o
LOAD build/stm32f1xx_hal_pwr.o
LOAD build/stm32f1xx_hal_flash.o
LOAD build/stm32f1xx_hal_flash_ex.o
LOAD build/stm32f1xx_hal_exti.o
LOAD build/system_stm32f1xx.o
LOAD build/usart.o
LOAD build/stm32f1xx_hal_uart.o
LOAD build/startup_stm32f103xe.o
LOAD d:/vsarm/armcc/bin/../lib/gcc/arm-none-eabi/10.2.1/../../../../arm-none-eabi/lib/thumb/v7-m/nofp\libc_nano.a
LOAD d:/vsarm/armcc/bin/../lib/gcc/arm-none-eabi/10.2.1/../../../../arm-none-eabi/lib/thumb/v7-m/nofp\libm.a
LOAD d:/vsarm/armcc/bin/../lib/gcc/arm-none-eabi/10.2.1/../../../../arm-none-eabi/lib/thumb/v7-m/nofp\libnosys.a
START GROUP
LOAD d:/vsarm/armcc/bin/../lib/gcc/arm-none-eabi/10.2.1/thumb/v7-m/nofp\libgcc.a
LOAD d:/vsarm/armcc/bin/../lib/gcc/arm-none-eabi/10.2.1/../../../../arm-none-eabi/lib/thumb/v7-m/nofp\libc_nano.a
END GROUP
START GROUP
LOAD d:/vsarm/armcc/bin/../lib/gcc/arm-none-eabi/10.2.1/thumb/v7-m/nofp\libgcc.a
LOAD d:/vsarm/armcc/bin/../lib/gcc/arm-none-eabi/10.2.1/../../../../arm-none-eabi/lib/thumb/v7-m/nofp\libc_nano.a
END GROUP
LOAD d:/vsarm/armcc/bin/../lib/gcc/arm-none-eabi/10.2.1/thumb/v7-m/nofp/crtend.o
LOAD d:/vsarm/armcc/bin/../lib/gcc/arm-none-eabi/10.2.1/thumb/v7-m/nofp/crtn.o
                0x20010000                _estack = 0x20010000
                0x00000200                _Min_Heap_Size = 0x200
                0x00000400                _Min_Stack_Size = 0x400

.isr_vector     0x08000000      0x1e4
                0x08000000                . = ALIGN (0x4)
 *(.isr_vector)
 .isr_vector    0x08000000      0x1e4 build/startup_stm32f103xe.o
                0x08000000                g_pfnVectors
                0x080001e4                . = ALIGN (0x4)

.text           0x080001e8     0x4884
                0x080001e8                . = ALIGN (0x4)
 *(.text)
 .text          0x080001e8       0x40 d:/vsarm/armcc/bin/../lib/gcc/arm-none-eabi/10.2.1/thumb/v7-m/nofp/crtbegin.o
 .text          0x08000228       0x10 d:/vsarm/armcc/bin/../lib/gcc/arm-none-eabi/10.2.1/../../../../arm-none-eabi/lib/thumb/v7-m/nofp\libc_nano.a(lib_a-strlen.o)
                0x08000228                strlen
 .text          0x08000238      0x378 d:/vsarm/armcc/bin/../lib/gcc/arm-none-eabi/10.2.1/thumb/v7-m/nofp\libgcc.a(_arm_addsubdf3.o)
                0x08000238                __aeabi_drsub
                0x08000240                __aeabi_dsub
                0x08000240                __subdf3
                0x08000244                __aeabi_dadd
                0x08000244                __adddf3
                0x080004bc                __floatunsidf
                0x080004bc                __aeabi_ui2d
                0x080004dc                __floatsidf
                0x080004dc                __aeabi_i2d
                0x08000500                __aeabi_f2d
                0x08000500                __extendsfdf2
                0x08000544                __floatundidf
                0x08000544                __aeabi_ul2d
                0x08000554                __floatdidf
                0x08000554                __aeabi_l2d
 .text          0x080005b0      0x424 d:/vsarm/armcc/bin/../lib/gcc/arm-none-eabi/10.2.1/thumb/v7-m/nofp\libgcc.a(_arm_muldivdf3.o)
                0x080005b0                __aeabi_dmul
                0x080005b0                __muldf3
                0x08000804                __divdf3
                0x08000804                __aeabi_ddiv
 .text          0x080009d4      0x110 d:/vsarm/armcc/bin/../lib/gcc/arm-none-eabi/10.2.1/thumb/v7-m/nofp\libgcc.a(_arm_cmpdf2.o)
                0x080009d4                __gtdf2
                0x080009d4                __gedf2
                0x080009dc                __ltdf2
                0x080009dc                __ledf2
                0x080009e4                __nedf2
                0x080009e4                __eqdf2
                0x080009e4                __cmpdf2
                0x08000a60                __aeabi_cdrcmple
                0x08000a70                __aeabi_cdcmpeq
                0x08000a70                __aeabi_cdcmple
                0x08000a80                __aeabi_dcmpeq
                0x08000a94                __aeabi_dcmplt
                0x08000aa8                __aeabi_dcmple
                0x08000abc                __aeabi_dcmpge
                0x08000ad0                __aeabi_dcmpgt
 .text          0x08000ae4       0x2c d:/vsarm/armcc/bin/../lib/gcc/arm-none-eabi/10.2.1/thumb/v7-m/nofp\libgcc.a(_arm_unorddf2.o)
                0x08000ae4                __unorddf2
                0x08000ae4                __aeabi_dcmpun
 .text          0x08000b10       0x50 d:/vsarm/armcc/bin/../lib/gcc/arm-none-eabi/10.2.1/thumb/v7-m/nofp\libgcc.a(_arm_fixdfsi.o)
                0x08000b10                __aeabi_d2iz
                0x08000b10                __fixdfsi
 *(.text*)
 .text.Error_Handler
                0x08000b60        0x4 build/main.o
                0x08000b60                Error_Handler
 .text.SystemClock_Config
                0x08000b64       0x68 build/main.o
                0x08000b64                SystemClock_Config
 .text.main     0x08000bcc       0x60 build/main.o
                0x08000bcc                main
 .text.MX_GPIO_Init
                0x08000c2c       0x88 build/gpio.o
                0x08000c2c                MX_GPIO_Init
 .text.NMI_Handler
                0x08000cb4        0x8 build/stm32f1xx_it.o
                0x08000cb4                NMI_Handler
 .text.HardFault_Handler
                0x08000cbc        0x2 build/stm32f1xx_it.o
                0x08000cbc                HardFault_Handler
 .text.MemManage_Handler
                0x08000cbe        0x2 build/stm32f1xx_it.o
                0x08000cbe                MemManage_Handler
 .text.BusFault_Handler
                0x08000cc0        0x2 build/stm32f1xx_it.o
                0x08000cc0                BusFault_Handler
 .text.UsageFault_Handler
                0x08000cc2        0x2 build/stm32f1xx_it.o
                0x08000cc2                UsageFault_Handler
 .text.SVC_Handler
                0x08000cc4        0x2 build/stm32f1xx_it.o
                0x08000cc4                SVC_Handler
 .text.DebugMon_Handler
                0x08000cc6        0x2 build/stm32f1xx_it.o
                0x08000cc6                DebugMon_Handler
 .text.PendSV_Handler
                0x08000cc8        0x2 build/stm32f1xx_it.o
                0x08000cc8                PendSV_Handler
 .text.SysTick_Handler
                0x08000cca        0x8 build/stm32f1xx_it.o
                0x08000cca                SysTick_Handler
 *fill*         0x08000cd2        0x2 
 .text.USART1_IRQHandler
                0x08000cd4       0x10 build/stm32f1xx_it.o
                0x08000cd4                USART1_IRQHandler
 .text.HAL_MspInit
                0x08000ce4       0x4c build/stm32f1xx_hal_msp.o
                0x08000ce4                HAL_MspInit
 .text.HAL_InitTick
                0x08000d30       0x4c build/stm32f1xx_hal.o
                0x08000d30                HAL_InitTick
 .text.HAL_Init
                0x08000d7c       0x24 build/stm32f1xx_hal.o
                0x08000d7c                HAL_Init
 .text.HAL_IncTick
                0x08000da0       0x18 build/stm32f1xx_hal.o
                0x08000da0                HAL_IncTick
 .text.HAL_GetTick
                0x08000db8        0xc build/stm32f1xx_hal.o
                0x08000db8                HAL_GetTick
 .text.HAL_Delay
                0x08000dc4       0x28 build/stm32f1xx_hal.o
                0x08000dc4                HAL_Delay
 .text.RCC_Delay
                0x08000dec       0x2c build/stm32f1xx_hal_rcc.o
 .text.HAL_RCC_OscConfig
                0x08000e18      0x410 build/stm32f1xx_hal_rcc.o
                0x08000e18                HAL_RCC_OscConfig
 .text.HAL_RCC_EnableCSS
                0x08001228        0xc build/stm32f1xx_hal_rcc.o
                0x08001228                HAL_RCC_EnableCSS
 .text.HAL_RCC_GetSysClockFreq
                0x08001234       0x6c build/stm32f1xx_hal_rcc.o
                0x08001234                HAL_RCC_GetSysClockFreq
 .text.HAL_RCC_ClockConfig
                0x080012a0      0x16c build/stm32f1xx_hal_rcc.o
                0x080012a0                HAL_RCC_ClockConfig
 .text.HAL_RCC_GetHCLKFreq
                0x0800140c        0xc build/stm32f1xx_hal_rcc.o
                0x0800140c                HAL_RCC_GetHCLKFreq
 .text.HAL_RCC_GetPCLK1Freq
                0x08001418       0x20 build/stm32f1xx_hal_rcc.o
                0x08001418                HAL_RCC_GetPCLK1Freq
 .text.HAL_RCC_GetPCLK2Freq
                0x08001438       0x20 build/stm32f1xx_hal_rcc.o
                0x08001438                HAL_RCC_GetPCLK2Freq
 .text.HAL_RCC_CSSCallback
                0x08001458        0x2 build/stm32f1xx_hal_rcc.o
                0x08001458                HAL_RCC_CSSCallback
 *fill*         0x0800145a        0x2 
 .text.HAL_RCC_NMI_IRQHandler
                0x0800145c       0x20 build/stm32f1xx_hal_rcc.o
                0x0800145c                HAL_RCC_NMI_IRQHandler
 .text.HAL_GPIO_Init
                0x0800147c      0x240 build/stm32f1xx_hal_gpio.o
                0x0800147c                HAL_GPIO_Init
 .text.HAL_GPIO_WritePin
                0x080016bc        0xc build/stm32f1xx_hal_gpio.o
                0x080016bc                HAL_GPIO_WritePin
 .text.HAL_GPIO_TogglePin
                0x080016c8       0x12 build/stm32f1xx_hal_gpio.o
                0x080016c8                HAL_GPIO_TogglePin
 *fill*         0x080016da        0x2 
 .text.HAL_DMA_Abort_IT
                0x080016dc      0x168 build/stm32f1xx_hal_dma.o
                0x080016dc                HAL_DMA_Abort_IT
 .text.HAL_NVIC_SetPriorityGrouping
                0x08001844       0x24 build/stm32f1xx_hal_cortex.o
                0x08001844                HAL_NVIC_SetPriorityGrouping
 .text.HAL_NVIC_SetPriority
                0x08001868       0x70 build/stm32f1xx_hal_cortex.o
                0x08001868                HAL_NVIC_SetPriority
 .text.HAL_NVIC_EnableIRQ
                0x080018d8       0x1c build/stm32f1xx_hal_cortex.o
                0x080018d8                HAL_NVIC_EnableIRQ
 .text.HAL_SYSTICK_Config
                0x080018f4       0x28 build/stm32f1xx_hal_cortex.o
                0x080018f4                HAL_SYSTICK_Config
 .text.SystemInit
                0x0800191c        0x2 build/system_stm32f1xx.o
                0x0800191c                SystemInit
 *fill*         0x0800191e        0x2 
 .text.MX_USART1_UART_Init
                0x08001920       0x34 build/usart.o
                0x08001920                MX_USART1_UART_Init
 .text.HAL_UART_MspInit
                0x08001954       0x88 build/usart.o
                0x08001954                HAL_UART_MspInit
 .text._write   0x080019dc       0x24 build/usart.o
                0x080019dc                _write
 .text.UART_EndRxTransfer
                0x08001a00       0x1c build/stm32f1xx_hal_uart.o
 .text.UART_Transmit_IT
                0x08001a1c       0x60 build/stm32f1xx_hal_uart.o
 .text.UART_SetConfig
                0x08001a7c       0x94 build/stm32f1xx_hal_uart.o
 .text.UART_WaitOnFlagUntilTimeout
                0x08001b10       0x6c build/stm32f1xx_hal_uart.o
 .text.HAL_UART_Init
                0x08001b7c       0x5e build/stm32f1xx_hal_uart.o
                0x08001b7c                HAL_UART_Init
 .text.HAL_UART_Transmit
                0x08001bda       0xd8 build/stm32f1xx_hal_uart.o
                0x08001bda                HAL_UART_Transmit
 .text.HAL_UART_TxCpltCallback
                0x08001cb2        0x2 build/stm32f1xx_hal_uart.o
                0x08001cb2                HAL_UART_TxCpltCallback
 .text.UART_EndTransmit_IT
                0x08001cb4       0x1a build/stm32f1xx_hal_uart.o
 .text.HAL_UART_RxCpltCallback
                0x08001cce        0x2 build/stm32f1xx_hal_uart.o
                0x08001cce                HAL_UART_RxCpltCallback
 .text.UART_Receive_IT
                0x08001cd0       0x94 build/stm32f1xx_hal_uart.o
 .text.HAL_UART_ErrorCallback
                0x08001d64        0x2 build/stm32f1xx_hal_uart.o
                0x08001d64                HAL_UART_ErrorCallback
 *fill*         0x08001d66        0x2 
 .text.HAL_UART_IRQHandler
                0x08001d68      0x128 build/stm32f1xx_hal_uart.o
                0x08001d68                HAL_UART_IRQHandler
 .text.UART_DMAAbortOnError
                0x08001e90       0x10 build/stm32f1xx_hal_uart.o
 .text.Reset_Handler
                0x08001ea0       0x48 build/startup_stm32f103xe.o
                0x08001ea0                Reset_Handler
 .text.Default_Handler
                0x08001ee8        0x2 build/startup_stm32f103xe.o
                0x08001ee8                RTC_Alarm_IRQHandler
                0x08001ee8                EXTI2_IRQHandler
                0x08001ee8                TIM8_TRG_COM_IRQHandler
                0x08001ee8                TIM8_CC_IRQHandler
                0x08001ee8                TIM1_CC_IRQHandler
                0x08001ee8                TIM6_IRQHandler
                0x08001ee8                PVD_IRQHandler
                0x08001ee8                SDIO_IRQHandler
                0x08001ee8                EXTI3_IRQHandler
                0x08001ee8                EXTI0_IRQHandler
                0x08001ee8                I2C2_EV_IRQHandler
                0x08001ee8                ADC1_2_IRQHandler
                0x08001ee8                SPI1_IRQHandler
                0x08001ee8                TAMPER_IRQHandler
                0x08001ee8                TIM8_UP_IRQHandler
                0x08001ee8                DMA2_Channel2_IRQHandler
                0x08001ee8                DMA1_Channel4_IRQHandler
                0x08001ee8                USART3_IRQHandler
                0x08001ee8                RTC_IRQHandler
                0x08001ee8                DMA1_Channel7_IRQHandler
                0x08001ee8                CAN1_RX1_IRQHandler
                0x08001ee8                UART5_IRQHandler
                0x08001ee8                ADC3_IRQHandler
                0x08001ee8                TIM4_IRQHandler
                0x08001ee8                DMA2_Channel1_IRQHandler
                0x08001ee8                I2C1_EV_IRQHandler
                0x08001ee8                DMA1_Channel6_IRQHandler
                0x08001ee8                UART4_IRQHandler
                0x08001ee8                TIM3_IRQHandler
                0x08001ee8                RCC_IRQHandler
                0x08001ee8                TIM1_TRG_COM_IRQHandler
                0x08001ee8                DMA1_Channel1_IRQHandler
                0x08001ee8                Default_Handler
                0x08001ee8                EXTI15_10_IRQHandler
                0x08001ee8                TIM7_IRQHandler
                0x08001ee8                TIM5_IRQHandler
                0x08001ee8                EXTI9_5_IRQHandler
                0x08001ee8                SPI2_IRQHandler
                0x08001ee8                DMA1_Channel5_IRQHandler
                0x08001ee8                EXTI4_IRQHandler
                0x08001ee8                USB_LP_CAN1_RX0_IRQHandler
                0x08001ee8                USB_HP_CAN1_TX_IRQHandler
                0x08001ee8                DMA1_Channel3_IRQHandler
                0x08001ee8                FSMC_IRQHandler
                0x08001ee8                TIM1_UP_IRQHandler
                0x08001ee8                WWDG_IRQHandler
                0x08001ee8                TIM2_IRQHandler
                0x08001ee8                TIM1_BRK_IRQHandler
                0x08001ee8                EXTI1_IRQHandler
                0x08001ee8                DMA2_Channel4_5_IRQHandler
                0x08001ee8                USART2_IRQHandler
                0x08001ee8                I2C2_ER_IRQHandler
                0x08001ee8                DMA1_Channel2_IRQHandler
                0x08001ee8                TIM8_BRK_IRQHandler
                0x08001ee8                CAN1_SCE_IRQHandler
                0x08001ee8                FLASH_IRQHandler
                0x08001ee8                SPI3_IRQHandler
                0x08001ee8                I2C1_ER_IRQHandler
                0x08001ee8                USBWakeUp_IRQHandler
                0x08001ee8                DMA2_Channel3_IRQHandler
 *fill*         0x08001eea        0x2 
 .text.__libc_init_array
                0x08001eec       0x48 d:/vsarm/armcc/bin/../lib/gcc/arm-none-eabi/10.2.1/../../../../arm-none-eabi/lib/thumb/v7-m/nofp\libc_nano.a(lib_a-init.o)
                0x08001eec                __libc_init_array
 .text.memset   0x08001f34       0x10 d:/vsarm/armcc/bin/../lib/gcc/arm-none-eabi/10.2.1/../../../../arm-none-eabi/lib/thumb/v7-m/nofp\libc_nano.a(lib_a-memset.o)
                0x08001f34                memset
 .text.__cvt    0x08001f44       0xbe d:/vsarm/armcc/bin/../lib/gcc/arm-none-eabi/10.2.1/../../../../arm-none-eabi/lib/thumb/v7-m/nofp\libc_nano.a(lib_a-nano-vfprintf_float.o)
                0x08001f44                __cvt
 .text.__exponent
                0x08002002       0x7c d:/vsarm/armcc/bin/../lib/gcc/arm-none-eabi/10.2.1/../../../../arm-none-eabi/lib/thumb/v7-m/nofp\libc_nano.a(lib_a-nano-vfprintf_float.o)
                0x08002002                __exponent
 *fill*         0x0800207e        0x2 
 .text._printf_float
                0x08002080      0x458 d:/vsarm/armcc/bin/../lib/gcc/arm-none-eabi/10.2.1/../../../../arm-none-eabi/lib/thumb/v7-m/nofp\libc_nano.a(lib_a-nano-vfprintf_float.o)
                0x08002080                _printf_float
 .text._printf_common
                0x080024d8       0xde d:/vsarm/armcc/bin/../lib/gcc/arm-none-eabi/10.2.1/../../../../arm-none-eabi/lib/thumb/v7-m/nofp\libc_nano.a(lib_a-nano-vfprintf_i.o)
                0x080024d8                _printf_common
 *fill*         0x080025b6        0x2 
 .text._printf_i
                0x080025b8      0x24c d:/vsarm/armcc/bin/../lib/gcc/arm-none-eabi/10.2.1/../../../../arm-none-eabi/lib/thumb/v7-m/nofp\libc_nano.a(lib_a-nano-vfprintf_i.o)
                0x080025b8                _printf_i
 .text._puts_r  0x08002804       0xdc d:/vsarm/armcc/bin/../lib/gcc/arm-none-eabi/10.2.1/../../../../arm-none-eabi/lib/thumb/v7-m/nofp\libc_nano.a(lib_a-puts.o)
                0x08002804                _puts_r
 .text.puts     0x080028e0       0x10 d:/vsarm/armcc/bin/../lib/gcc/arm-none-eabi/10.2.1/../../../../arm-none-eabi/lib/thumb/v7-m/nofp\libc_nano.a(lib_a-puts.o)
                0x080028e0                puts
 .text.__swbuf_r
                0x080028f0       0xa4 d:/vsarm/armcc/bin/../lib/gcc/arm-none-eabi/10.2.1/../../../../arm-none-eabi/lib/thumb/v7-m/nofp\libc_nano.a(lib_a-wbuf.o)
                0x080028f0                __swbuf_r
 .text.__swsetup_r
                0x08002994       0xdc d:/vsarm/armcc/bin/../lib/gcc/arm-none-eabi/10.2.1/../../../../arm-none-eabi/lib/thumb/v7-m/nofp\libc_nano.a(lib_a-wsetup.o)
                0x08002994                __swsetup_r
 .text.quorem   0x08002a70      0x118 d:/vsarm/armcc/bin/../lib/gcc/arm-none-eabi/10.2.1/../../../../arm-none-eabi/lib/thumb/v7-m/nofp\libc_nano.a(lib_a-dtoa.o)
 .text._dtoa_r  0x08002b88      0xbdc d:/vsarm/armcc/bin/../lib/gcc/arm-none-eabi/10.2.1/../../../../arm-none-eabi/lib/thumb/v7-m/nofp\libc_nano.a(lib_a-dtoa.o)
                0x08002b88                _dtoa_r
 .text.__sflush_r
                0x08003764      0x104 d:/vsarm/armcc/bin/../lib/gcc/arm-none-eabi/10.2.1/../../../../arm-none-eabi/lib/thumb/v7-m/nofp\libc_nano.a(lib_a-fflush.o)
                0x08003764                __sflush_r
 .text._fflush_r
                0x08003868       0x78 d:/vsarm/armcc/bin/../lib/gcc/arm-none-eabi/10.2.1/../../../../arm-none-eabi/lib/thumb/v7-m/nofp\libc_nano.a(lib_a-fflush.o)
                0x08003868                _fflush_r
 .text.std      0x080038e0       0x48 d:/vsarm/armcc/bin/../lib/gcc/arm-none-eabi/10.2.1/../../../../arm-none-eabi/lib/thumb/v7-m/nofp\libc_nano.a(lib_a-findfp.o)
 .text._cleanup_r
                0x08003928        0xc d:/vsarm/armcc/bin/../lib/gcc/arm-none-eabi/10.2.1/../../../../arm-none-eabi/lib/thumb/v7-m/nofp\libc_nano.a(lib_a-findfp.o)
                0x08003928                _cleanup_r
 .text.__sfmoreglue
                0x08003934       0x2c d:/vsarm/armcc/bin/../lib/gcc/arm-none-eabi/10.2.1/../../../../arm-none-eabi/lib/thumb/v7-m/nofp\libc_nano.a(lib_a-findfp.o)
                0x08003934                __sfmoreglue
 .text.__sfp_lock_acquire
                0x08003960        0xc d:/vsarm/armcc/bin/../lib/gcc/arm-none-eabi/10.2.1/../../../../arm-none-eabi/lib/thumb/v7-m/nofp\libc_nano.a(lib_a-findfp.o)
                0x08003960                __sfp_lock_acquire
 .text.__sfp_lock_release
                0x0800396c        0xc d:/vsarm/armcc/bin/../lib/gcc/arm-none-eabi/10.2.1/../../../../arm-none-eabi/lib/thumb/v7-m/nofp\libc_nano.a(lib_a-findfp.o)
                0x0800396c                __sfp_lock_release
 .text.__sinit_lock_acquire
                0x08003978        0xc d:/vsarm/armcc/bin/../lib/gcc/arm-none-eabi/10.2.1/../../../../arm-none-eabi/lib/thumb/v7-m/nofp\libc_nano.a(lib_a-findfp.o)
                0x08003978                __sinit_lock_acquire
 .text.__sinit_lock_release
                0x08003984        0xc d:/vsarm/armcc/bin/../lib/gcc/arm-none-eabi/10.2.1/../../../../arm-none-eabi/lib/thumb/v7-m/nofp\libc_nano.a(lib_a-findfp.o)
                0x08003984                __sinit_lock_release
 .text.__sinit  0x08003990       0x70 d:/vsarm/armcc/bin/../lib/gcc/arm-none-eabi/10.2.1/../../../../arm-none-eabi/lib/thumb/v7-m/nofp\libc_nano.a(lib_a-findfp.o)
                0x08003990                __sinit
 .text.__sfp    0x08003a00       0x8c d:/vsarm/armcc/bin/../lib/gcc/arm-none-eabi/10.2.1/../../../../arm-none-eabi/lib/thumb/v7-m/nofp\libc_nano.a(lib_a-findfp.o)
                0x08003a00                __sfp
 .text._fwalk_reent
                0x08003a8c       0x3e d:/vsarm/armcc/bin/../lib/gcc/arm-none-eabi/10.2.1/../../../../arm-none-eabi/lib/thumb/v7-m/nofp\libc_nano.a(lib_a-fwalk.o)
                0x08003a8c                _fwalk_reent
 *fill*         0x08003aca        0x2 
 .text._localeconv_r
                0x08003acc        0x8 d:/vsarm/armcc/bin/../lib/gcc/arm-none-eabi/10.2.1/../../../../arm-none-eabi/lib/thumb/v7-m/nofp\libc_nano.a(lib_a-localeconv.o)
                0x08003acc                _localeconv_r
 .text.__retarget_lock_init_recursive
                0x08003ad4        0x2 d:/vsarm/armcc/bin/../lib/gcc/arm-none-eabi/10.2.1/../../../../arm-none-eabi/lib/thumb/v7-m/nofp\libc_nano.a(lib_a-lock.o)
                0x08003ad4                __retarget_lock_init_recursive
 .text.__retarget_lock_acquire_recursive
                0x08003ad6        0x2 d:/vsarm/armcc/bin/../lib/gcc/arm-none-eabi/10.2.1/../../../../arm-none-eabi/lib/thumb/v7-m/nofp\libc_nano.a(lib_a-lock.o)
                0x08003ad6                __retarget_lock_acquire_recursive
 .text.__retarget_lock_release_recursive
                0x08003ad8        0x2 d:/vsarm/armcc/bin/../lib/gcc/arm-none-eabi/10.2.1/../../../../arm-none-eabi/lib/thumb/v7-m/nofp\libc_nano.a(lib_a-lock.o)
                0x08003ad8                __retarget_lock_release_recursive
 .text.__swhatbuf_r
                0x08003ada       0x4a d:/vsarm/armcc/bin/../lib/gcc/arm-none-eabi/10.2.1/../../../../arm-none-eabi/lib/thumb/v7-m/nofp\libc_nano.a(lib_a-makebuf.o)
                0x08003ada                __swhatbuf_r
 .text.__smakebuf_r
                0x08003b24       0x80 d:/vsarm/armcc/bin/../lib/gcc/arm-none-eabi/10.2.1/../../../../arm-none-eabi/lib/thumb/v7-m/nofp\libc_nano.a(lib_a-makebuf.o)
                0x08003b24                __smakebuf_r
 .text.malloc   0x08003ba4       0x10 d:/vsarm/armcc/bin/../lib/gcc/arm-none-eabi/10.2.1/../../../../arm-none-eabi/lib/thumb/v7-m/nofp\libc_nano.a(lib_a-malloc.o)
                0x08003ba4                malloc
 .text.memchr   0x08003bb4       0x1c d:/vsarm/armcc/bin/../lib/gcc/arm-none-eabi/10.2.1/../../../../arm-none-eabi/lib/thumb/v7-m/nofp\libc_nano.a(lib_a-memchr-stub.o)
                0x08003bb4                memchr
 .text.memcpy   0x08003bd0       0x1c d:/vsarm/armcc/bin/../lib/gcc/arm-none-eabi/10.2.1/../../../../arm-none-eabi/lib/thumb/v7-m/nofp\libc_nano.a(lib_a-memcpy-stub.o)
                0x08003bd0                memcpy
 .text._Balloc  0x08003bec       0x80 d:/vsarm/armcc/bin/../lib/gcc/arm-none-eabi/10.2.1/../../../../arm-none-eabi/lib/thumb/v7-m/nofp\libc_nano.a(lib_a-mprec.o)
                0x08003bec                _Balloc
 .text._Bfree   0x08003c6c       0x44 d:/vsarm/armcc/bin/../lib/gcc/arm-none-eabi/10.2.1/../../../../arm-none-eabi/lib/thumb/v7-m/nofp\libc_nano.a(lib_a-mprec.o)
                0x08003c6c                _Bfree
 .text.__multadd
                0x08003cb0       0x8c d:/vsarm/armcc/bin/../lib/gcc/arm-none-eabi/10.2.1/../../../../arm-none-eabi/lib/thumb/v7-m/nofp\libc_nano.a(lib_a-mprec.o)
                0x08003cb0                __multadd
 .text.__hi0bits
                0x08003d3c       0x40 d:/vsarm/armcc/bin/../lib/gcc/arm-none-eabi/10.2.1/../../../../arm-none-eabi/lib/thumb/v7-m/nofp\libc_nano.a(lib_a-mprec.o)
                0x08003d3c                __hi0bits
 .text.__lo0bits
                0x08003d7c       0x5a d:/vsarm/armcc/bin/../lib/gcc/arm-none-eabi/10.2.1/../../../../arm-none-eabi/lib/thumb/v7-m/nofp\libc_nano.a(lib_a-mprec.o)
                0x08003d7c                __lo0bits
 *fill*         0x08003dd6        0x2 
 .text.__i2b    0x08003dd8       0x2c d:/vsarm/armcc/bin/../lib/gcc/arm-none-eabi/10.2.1/../../../../arm-none-eabi/lib/thumb/v7-m/nofp\libc_nano.a(lib_a-mprec.o)
                0x08003dd8                __i2b
 .text.__multiply
                0x08003e04      0x150 d:/vsarm/armcc/bin/../lib/gcc/arm-none-eabi/10.2.1/../../../../arm-none-eabi/lib/thumb/v7-m/nofp\libc_nano.a(lib_a-mprec.o)
                0x08003e04                __multiply
 .text.__pow5mult
                0x08003f54       0xb4 d:/vsarm/armcc/bin/../lib/gcc/arm-none-eabi/10.2.1/../../../../arm-none-eabi/lib/thumb/v7-m/nofp\libc_nano.a(lib_a-mprec.o)
                0x08003f54                __pow5mult
 .text.__lshift
                0x08004008       0xe0 d:/vsarm/armcc/bin/../lib/gcc/arm-none-eabi/10.2.1/../../../../arm-none-eabi/lib/thumb/v7-m/nofp\libc_nano.a(lib_a-mprec.o)
                0x08004008                __lshift
 .text.__mcmp   0x080040e8       0x36 d:/vsarm/armcc/bin/../lib/gcc/arm-none-eabi/10.2.1/../../../../arm-none-eabi/lib/thumb/v7-m/nofp\libc_nano.a(lib_a-mprec.o)
                0x080040e8                __mcmp
 *fill*         0x0800411e        0x2 
 .text.__mdiff  0x08004120      0x118 d:/vsarm/armcc/bin/../lib/gcc/arm-none-eabi/10.2.1/../../../../arm-none-eabi/lib/thumb/v7-m/nofp\libc_nano.a(lib_a-mprec.o)
                0x08004120                __mdiff
 .text.__d2b    0x08004238       0xb8 d:/vsarm/armcc/bin/../lib/gcc/arm-none-eabi/10.2.1/../../../../arm-none-eabi/lib/thumb/v7-m/nofp\libc_nano.a(lib_a-mprec.o)
                0x08004238                __d2b
 .text._calloc_r
                0x080042f0       0x1c d:/vsarm/armcc/bin/../lib/gcc/arm-none-eabi/10.2.1/../../../../arm-none-eabi/lib/thumb/v7-m/nofp\libc_nano.a(lib_a-nano-callocr.o)
                0x080042f0                _calloc_r
 .text._free_r  0x0800430c       0x90 d:/vsarm/armcc/bin/../lib/gcc/arm-none-eabi/10.2.1/../../../../arm-none-eabi/lib/thumb/v7-m/nofp\libc_nano.a(lib_a-nano-freer.o)
                0x0800430c                _free_r
 .text._malloc_r
                0x0800439c       0xb4 d:/vsarm/armcc/bin/../lib/gcc/arm-none-eabi/10.2.1/../../../../arm-none-eabi/lib/thumb/v7-m/nofp\libc_nano.a(lib_a-nano-mallocr.o)
                0x0800439c                _malloc_r
 .text._sbrk_r  0x08004450       0x20 d:/vsarm/armcc/bin/../lib/gcc/arm-none-eabi/10.2.1/../../../../arm-none-eabi/lib/thumb/v7-m/nofp\libc_nano.a(lib_a-sbrkr.o)
                0x08004450                _sbrk_r
 .text.__sread  0x08004470       0x22 d:/vsarm/armcc/bin/../lib/gcc/arm-none-eabi/10.2.1/../../../../arm-none-eabi/lib/thumb/v7-m/nofp\libc_nano.a(lib_a-stdio.o)
                0x08004470                __sread
 .text.__swrite
                0x08004492       0x38 d:/vsarm/armcc/bin/../lib/gcc/arm-none-eabi/10.2.1/../../../../arm-none-eabi/lib/thumb/v7-m/nofp\libc_nano.a(lib_a-stdio.o)
                0x08004492                __swrite
 .text.__sseek  0x080044ca       0x24 d:/vsarm/armcc/bin/../lib/gcc/arm-none-eabi/10.2.1/../../../../arm-none-eabi/lib/thumb/v7-m/nofp\libc_nano.a(lib_a-stdio.o)
                0x080044ca                __sseek
 .text.__sclose
                0x080044ee        0x8 d:/vsarm/armcc/bin/../lib/gcc/arm-none-eabi/10.2.1/../../../../arm-none-eabi/lib/thumb/v7-m/nofp\libc_nano.a(lib_a-stdio.o)
                0x080044ee                __sclose
 *fill*         0x080044f6        0x2 
 .text._write_r
                0x080044f8       0x24 d:/vsarm/armcc/bin/../lib/gcc/arm-none-eabi/10.2.1/../../../../arm-none-eabi/lib/thumb/v7-m/nofp\libc_nano.a(lib_a-writer.o)
                0x080044f8                _write_r
 .text.__assert_func
                0x0800451c       0x3c d:/vsarm/armcc/bin/../lib/gcc/arm-none-eabi/10.2.1/../../../../arm-none-eabi/lib/thumb/v7-m/nofp\libc_nano.a(lib_a-assert.o)
                0x0800451c                __assert_func
 .text._close_r
                0x08004558       0x20 d:/vsarm/armcc/bin/../lib/gcc/arm-none-eabi/10.2.1/../../../../arm-none-eabi/lib/thumb/v7-m/nofp\libc_nano.a(lib_a-closer.o)
                0x08004558                _close_r
 .text.fprintf  0x08004578       0x24 d:/vsarm/armcc/bin/../lib/gcc/arm-none-eabi/10.2.1/../../../../arm-none-eabi/lib/thumb/v7-m/nofp\libc_nano.a(lib_a-fprintf.o)
                0x08004578                fiprintf
                0x08004578                fprintf
 .text._fstat_r
                0x0800459c       0x24 d:/vsarm/armcc/bin/../lib/gcc/arm-none-eabi/10.2.1/../../../../arm-none-eabi/lib/thumb/v7-m/nofp\libc_nano.a(lib_a-fstatr.o)
                0x0800459c                _fstat_r
 .text._isatty_r
                0x080045c0       0x20 d:/vsarm/armcc/bin/../lib/gcc/arm-none-eabi/10.2.1/../../../../arm-none-eabi/lib/thumb/v7-m/nofp\libc_nano.a(lib_a-isattyr.o)
                0x080045c0                _isatty_r
 .text._lseek_r
                0x080045e0       0x24 d:/vsarm/armcc/bin/../lib/gcc/arm-none-eabi/10.2.1/../../../../arm-none-eabi/lib/thumb/v7-m/nofp\libc_nano.a(lib_a-lseekr.o)
                0x080045e0                _lseek_r
 .text.__ascii_mbtowc
                0x08004604       0x24 d:/vsarm/armcc/bin/../lib/gcc/arm-none-eabi/10.2.1/../../../../arm-none-eabi/lib/thumb/v7-m/nofp\libc_nano.a(lib_a-mbtowc_r.o)
                0x08004604                __ascii_mbtowc
 .text.__malloc_lock
                0x08004628        0xc d:/vsarm/armcc/bin/../lib/gcc/arm-none-eabi/10.2.1/../../../../arm-none-eabi/lib/thumb/v7-m/nofp\libc_nano.a(lib_a-mlock.o)
                0x08004628                __malloc_lock
 .text.__malloc_unlock
                0x08004634        0xc d:/vsarm/armcc/bin/../lib/gcc/arm-none-eabi/10.2.1/../../../../arm-none-eabi/lib/thumb/v7-m/nofp\libc_nano.a(lib_a-mlock.o)
                0x08004634                __malloc_unlock
 .text.__sfputc_r
                0x08004640       0x2a d:/vsarm/armcc/bin/../lib/gcc/arm-none-eabi/10.2.1/../../../../arm-none-eabi/lib/thumb/v7-m/nofp\libc_nano.a(lib_a-nano-vfprintf.o)
 .text.__sfputs_r
                0x0800466a       0x24 d:/vsarm/armcc/bin/../lib/gcc/arm-none-eabi/10.2.1/../../../../arm-none-eabi/lib/thumb/v7-m/nofp\libc_nano.a(lib_a-nano-vfprintf.o)
                0x0800466a                __sfputs_r
 *fill*         0x0800468e        0x2 
 .text._vfprintf_r
                0x08004690      0x260 d:/vsarm/armcc/bin/../lib/gcc/arm-none-eabi/10.2.1/../../../../arm-none-eabi/lib/thumb/v7-m/nofp\libc_nano.a(lib_a-nano-vfprintf.o)
                0x08004690                _vfprintf_r
                0x08004690                _vfiprintf_r
 .text._read_r  0x080048f0       0x24 d:/vsarm/armcc/bin/../lib/gcc/arm-none-eabi/10.2.1/../../../../arm-none-eabi/lib/thumb/v7-m/nofp\libc_nano.a(lib_a-readr.o)
                0x080048f0                _read_r
 .text.__ascii_wctomb
                0x08004914       0x1a d:/vsarm/armcc/bin/../lib/gcc/arm-none-eabi/10.2.1/../../../../arm-none-eabi/lib/thumb/v7-m/nofp\libc_nano.a(lib_a-wctomb_r.o)
                0x08004914                __ascii_wctomb
 .text.abort    0x0800492e        0xe d:/vsarm/armcc/bin/../lib/gcc/arm-none-eabi/10.2.1/../../../../arm-none-eabi/lib/thumb/v7-m/nofp\libc_nano.a(lib_a-abort.o)
                0x0800492e                abort
 .text._raise_r
                0x0800493c       0x50 d:/vsarm/armcc/bin/../lib/gcc/arm-none-eabi/10.2.1/../../../../arm-none-eabi/lib/thumb/v7-m/nofp\libc_nano.a(lib_a-signal.o)
                0x0800493c                _raise_r
 .text.raise    0x0800498c       0x10 d:/vsarm/armcc/bin/../lib/gcc/arm-none-eabi/10.2.1/../../../../arm-none-eabi/lib/thumb/v7-m/nofp\libc_nano.a(lib_a-signal.o)
                0x0800498c                raise
 .text._kill_r  0x0800499c       0x24 d:/vsarm/armcc/bin/../lib/gcc/arm-none-eabi/10.2.1/../../../../arm-none-eabi/lib/thumb/v7-m/nofp\libc_nano.a(lib_a-signalr.o)
                0x0800499c                _kill_r
 .text._getpid_r
                0x080049c0        0x4 d:/vsarm/armcc/bin/../lib/gcc/arm-none-eabi/10.2.1/../../../../arm-none-eabi/lib/thumb/v7-m/nofp\libc_nano.a(lib_a-signalr.o)
                0x080049c0                _getpid_r
 .text._close   0x080049c4       0x10 d:/vsarm/armcc/bin/../lib/gcc/arm-none-eabi/10.2.1/../../../../arm-none-eabi/lib/thumb/v7-m/nofp\libnosys.a(close.o)
                0x080049c4                _close
 .text._fstat   0x080049d4       0x10 d:/vsarm/armcc/bin/../lib/gcc/arm-none-eabi/10.2.1/../../../../arm-none-eabi/lib/thumb/v7-m/nofp\libnosys.a(fstat.o)
                0x080049d4                _fstat
 .text._getpid  0x080049e4       0x10 d:/vsarm/armcc/bin/../lib/gcc/arm-none-eabi/10.2.1/../../../../arm-none-eabi/lib/thumb/v7-m/nofp\libnosys.a(getpid.o)
                0x080049e4                _getpid
 .text._isatty  0x080049f4       0x10 d:/vsarm/armcc/bin/../lib/gcc/arm-none-eabi/10.2.1/../../../../arm-none-eabi/lib/thumb/v7-m/nofp\libnosys.a(isatty.o)
                0x080049f4                _isatty
 .text._kill    0x08004a04       0x10 d:/vsarm/armcc/bin/../lib/gcc/arm-none-eabi/10.2.1/../../../../arm-none-eabi/lib/thumb/v7-m/nofp\libnosys.a(kill.o)
                0x08004a04                _kill
 .text._lseek   0x08004a14       0x10 d:/vsarm/armcc/bin/../lib/gcc/arm-none-eabi/10.2.1/../../../../arm-none-eabi/lib/thumb/v7-m/nofp\libnosys.a(lseek.o)
                0x08004a14                _lseek
 .text._read    0x08004a24       0x10 d:/vsarm/armcc/bin/../lib/gcc/arm-none-eabi/10.2.1/../../../../arm-none-eabi/lib/thumb/v7-m/nofp\libnosys.a(read.o)
                0x08004a24                _read
 .text._sbrk    0x08004a34       0x1c d:/vsarm/armcc/bin/../lib/gcc/arm-none-eabi/10.2.1/../../../../arm-none-eabi/lib/thumb/v7-m/nofp\libnosys.a(sbrk.o)
                0x08004a34                _sbrk
 .text._exit    0x08004a50        0x4 d:/vsarm/armcc/bin/../lib/gcc/arm-none-eabi/10.2.1/../../../../arm-none-eabi/lib/thumb/v7-m/nofp\libnosys.a(_exit.o)
                0x08004a50                _exit
 *(.glue_7)
 .glue_7        0x08004a54        0x0 linker stubs
 *(.glue_7t)
 .glue_7t       0x08004a54        0x0 linker stubs
 *(.eh_frame)
 .eh_frame      0x08004a54        0x0 d:/vsarm/armcc/bin/../lib/gcc/arm-none-eabi/10.2.1/thumb/v7-m/nofp/crtbegin.o
 *(.init)
 .init          0x08004a54        0x4 d:/vsarm/armcc/bin/../lib/gcc/arm-none-eabi/10.2.1/thumb/v7-m/nofp/crti.o
                0x08004a54                _init
 .init          0x08004a58        0x8 d:/vsarm/armcc/bin/../lib/gcc/arm-none-eabi/10.2.1/thumb/v7-m/nofp/crtn.o
 *(.fini)
 .fini          0x08004a60        0x4 d:/vsarm/armcc/bin/../lib/gcc/arm-none-eabi/10.2.1/thumb/v7-m/nofp/crti.o
                0x08004a60                _fini
 .fini          0x08004a64        0x8 d:/vsarm/armcc/bin/../lib/gcc/arm-none-eabi/10.2.1/thumb/v7-m/nofp/crtn.o
                0x08004a6c                . = ALIGN (0x4)
                0x08004a6c                _etext = .

.vfp11_veneer   0x08004a6c        0x0
 .vfp11_veneer  0x08004a6c        0x0 linker stubs

.v4_bx          0x08004a6c        0x0
 .v4_bx         0x08004a6c        0x0 linker stubs

.iplt           0x08004a6c        0x0
 .iplt          0x08004a6c        0x0 d:/vsarm/armcc/bin/../lib/gcc/arm-none-eabi/10.2.1/thumb/v7-m/nofp/crtbegin.o

.rodata         0x08004a70      0x45c
                0x08004a70                . = ALIGN (0x4)
 *(.rodata)
 *(.rodata*)
 .rodata.main.str1.4
                0x08004a70        0xf build/main.o
 *fill*         0x08004a7f        0x1 
 .rodata.HAL_RCC_GetSysClockFreq.str1.4
                0x08004a80       0x11 build/stm32f1xx_hal_rcc.o
 *fill*         0x08004a91        0x3 
 .rodata.AHBPrescTable
                0x08004a94       0x10 build/system_stm32f1xx.o
                0x08004a94                AHBPrescTable
 .rodata.APBPrescTable
                0x08004aa4        0x8 build/system_stm32f1xx.o
                0x08004aa4                APBPrescTable
 .rodata._global_impure_ptr
                0x08004aac        0x4 d:/vsarm/armcc/bin/../lib/gcc/arm-none-eabi/10.2.1/../../../../arm-none-eabi/lib/thumb/v7-m/nofp\libc_nano.a(lib_a-impure.o)
                0x08004aac                _global_impure_ptr
 .rodata._printf_float.str1.1
                0x08004ab0       0x12 d:/vsarm/armcc/bin/../lib/gcc/arm-none-eabi/10.2.1/../../../../arm-none-eabi/lib/thumb/v7-m/nofp\libc_nano.a(lib_a-nano-vfprintf_float.o)
 .rodata._printf_i.str1.1
                0x08004ac2       0x22 d:/vsarm/armcc/bin/../lib/gcc/arm-none-eabi/10.2.1/../../../../arm-none-eabi/lib/thumb/v7-m/nofp\libc_nano.a(lib_a-nano-vfprintf_i.o)
 .rodata._dtoa_r.str1.1
                0x08004ae4       0xb2 d:/vsarm/armcc/bin/../lib/gcc/arm-none-eabi/10.2.1/../../../../arm-none-eabi/lib/thumb/v7-m/nofp\libc_nano.a(lib_a-dtoa.o)
                                 0xb4 (size before relaxing)
 *fill*         0x08004b96        0x2 
 .rodata.__sf_fake_stderr
                0x08004b98       0x20 d:/vsarm/armcc/bin/../lib/gcc/arm-none-eabi/10.2.1/../../../../arm-none-eabi/lib/thumb/v7-m/nofp\libc_nano.a(lib_a-findfp.o)
                0x08004b98                __sf_fake_stderr
 .rodata.__sf_fake_stdin
                0x08004bb8       0x20 d:/vsarm/armcc/bin/../lib/gcc/arm-none-eabi/10.2.1/../../../../arm-none-eabi/lib/thumb/v7-m/nofp\libc_nano.a(lib_a-findfp.o)
                0x08004bb8                __sf_fake_stdin
 .rodata.__sf_fake_stdout
                0x08004bd8       0x20 d:/vsarm/armcc/bin/../lib/gcc/arm-none-eabi/10.2.1/../../../../arm-none-eabi/lib/thumb/v7-m/nofp\libc_nano.a(lib_a-findfp.o)
                0x08004bd8                __sf_fake_stdout
 .rodata._Balloc.str1.1
                0x08004bf8       0x7e d:/vsarm/armcc/bin/../lib/gcc/arm-none-eabi/10.2.1/../../../../arm-none-eabi/lib/thumb/v7-m/nofp\libc_nano.a(lib_a-mprec.o)
                                 0x95 (size before relaxing)
 .rodata.__multadd.str1.1
                0x08004c76       0x11 d:/vsarm/armcc/bin/../lib/gcc/arm-none-eabi/10.2.1/../../../../arm-none-eabi/lib/thumb/v7-m/nofp\libc_nano.a(lib_a-mprec.o)
 *fill*         0x08004c76        0x2 
 .rodata.__mprec_bigtens
                0x08004c78       0x28 d:/vsarm/armcc/bin/../lib/gcc/arm-none-eabi/10.2.1/../../../../arm-none-eabi/lib/thumb/v7-m/nofp\libc_nano.a(lib_a-mprec.o)
                0x08004c78                __mprec_bigtens
 .rodata.__mprec_tens
                0x08004ca0       0xc8 d:/vsarm/armcc/bin/../lib/gcc/arm-none-eabi/10.2.1/../../../../arm-none-eabi/lib/thumb/v7-m/nofp\libc_nano.a(lib_a-mprec.o)
                0x08004ca0                __mprec_tens
 .rodata.p05.0  0x08004d68        0xc d:/vsarm/armcc/bin/../lib/gcc/arm-none-eabi/10.2.1/../../../../arm-none-eabi/lib/thumb/v7-m/nofp\libc_nano.a(lib_a-mprec.o)
 .rodata.__assert_func.str1.1
                0x08004d74       0x3c d:/vsarm/armcc/bin/../lib/gcc/arm-none-eabi/10.2.1/../../../../arm-none-eabi/lib/thumb/v7-m/nofp\libc_nano.a(lib_a-assert.o)
                                 0x3d (size before relaxing)
 .rodata._setlocale_r.str1.1
                0x08004db0        0x8 d:/vsarm/armcc/bin/../lib/gcc/arm-none-eabi/10.2.1/../../../../arm-none-eabi/lib/thumb/v7-m/nofp\libc_nano.a(lib_a-locale.o)
                                  0x9 (size before relaxing)
 .rodata.str1.1
                0x08004db8        0x2 d:/vsarm/armcc/bin/../lib/gcc/arm-none-eabi/10.2.1/../../../../arm-none-eabi/lib/thumb/v7-m/nofp\libc_nano.a(lib_a-locale.o)
 .rodata._vfprintf_r.str1.1
                0x08004dba       0x11 d:/vsarm/armcc/bin/../lib/gcc/arm-none-eabi/10.2.1/../../../../arm-none-eabi/lib/thumb/v7-m/nofp\libc_nano.a(lib_a-nano-vfprintf.o)
 .rodata._ctype_
                0x08004dcb      0x101 d:/vsarm/armcc/bin/../lib/gcc/arm-none-eabi/10.2.1/../../../../arm-none-eabi/lib/thumb/v7-m/nofp\libc_nano.a(lib_a-ctype_.o)
                0x08004dcb                _ctype_
                0x08004ecc                . = ALIGN (0x4)

.rel.dyn        0x08004ecc        0x0
 .rel.iplt      0x08004ecc        0x0 d:/vsarm/armcc/bin/../lib/gcc/arm-none-eabi/10.2.1/thumb/v7-m/nofp/crtbegin.o

.ARM.extab
 *(.ARM.extab* .gnu.linkonce.armextab.*)

.ARM            0x08004ecc        0x0
                0x08004ecc                __exidx_start = .
 *(.ARM.exidx*)
                0x08004ecc                __exidx_end = .

.preinit_array  0x08004ecc        0x0
                0x08004ecc                PROVIDE (__preinit_array_start = .)
 *(.preinit_array*)
                0x08004ecc                PROVIDE (__preinit_array_end = .)

.init_array     0x08004ecc        0x4
                0x08004ecc                PROVIDE (__init_array_start = .)
 *(SORT_BY_NAME(.init_array.*))
 *(.init_array*)
 .init_array    0x08004ecc        0x4 d:/vsarm/armcc/bin/../lib/gcc/arm-none-eabi/10.2.1/thumb/v7-m/nofp/crtbegin.o
                0x08004ed0                PROVIDE (__init_array_end = .)

.fini_array     0x08004ed0        0x4
                [!provide]                PROVIDE (__fini_array_start = .)
 *(SORT_BY_NAME(.fini_array.*))
 *(.fini_array*)
 .fini_array    0x08004ed0        0x4 d:/vsarm/armcc/bin/../lib/gcc/arm-none-eabi/10.2.1/thumb/v7-m/nofp/crtbegin.o
                [!provide]                PROVIDE (__fini_array_end = .)
                0x08004ed4                _sidata = LOADADDR (.data)

.data           0x20000000      0x1dc load address 0x08004ed4
                0x20000000                . = ALIGN (0x4)
                0x20000000                _sdata = .
 *(.data)
 *(.data*)
 .data.uwTickFreq
                0x20000000        0x1 build/stm32f1xx_hal.o
                0x20000000                uwTickFreq
 *fill*         0x20000001        0x3 
 .data.uwTickPrio
                0x20000004        0x4 build/stm32f1xx_hal.o
                0x20000004                uwTickPrio
 .data.SystemCoreClock
                0x20000008        0x4 build/system_stm32f1xx.o
                0x20000008                SystemCoreClock
 .data._impure_ptr
                0x2000000c        0x4 d:/vsarm/armcc/bin/../lib/gcc/arm-none-eabi/10.2.1/../../../../arm-none-eabi/lib/thumb/v7-m/nofp\libc_nano.a(lib_a-impure.o)
                0x2000000c                _impure_ptr
 .data.impure_data
                0x20000010       0x60 d:/vsarm/armcc/bin/../lib/gcc/arm-none-eabi/10.2.1/../../../../arm-none-eabi/lib/thumb/v7-m/nofp\libc_nano.a(lib_a-impure.o)
 .data.__global_locale
                0x20000070      0x16c d:/vsarm/armcc/bin/../lib/gcc/arm-none-eabi/10.2.1/../../../../arm-none-eabi/lib/thumb/v7-m/nofp\libc_nano.a(lib_a-locale.o)
                0x20000070                __global_locale
                0x200001dc                . = ALIGN (0x4)
                0x200001dc                _edata = .

.igot.plt       0x200001dc        0x0 load address 0x080050b0
 .igot.plt      0x200001dc        0x0 d:/vsarm/armcc/bin/../lib/gcc/arm-none-eabi/10.2.1/thumb/v7-m/nofp/crtbegin.o
                0x200001dc                . = ALIGN (0x4)

.bss            0x200001dc       0x74 load address 0x080050b0
                0x200001dc                _sbss = .
                0x200001dc                __bss_start__ = _sbss
 *(.bss)
 .bss           0x200001dc       0x1c d:/vsarm/armcc/bin/../lib/gcc/arm-none-eabi/10.2.1/thumb/v7-m/nofp/crtbegin.o
 *(.bss*)
 .bss.uwTick    0x200001f8        0x4 build/stm32f1xx_hal.o
                0x200001f8                uwTick
 .bss.huart1    0x200001fc       0x40 build/usart.o
                0x200001fc                huart1
 .bss.__lock___malloc_recursive_mutex
                0x2000023c        0x1 d:/vsarm/armcc/bin/../lib/gcc/arm-none-eabi/10.2.1/../../../../arm-none-eabi/lib/thumb/v7-m/nofp\libc_nano.a(lib_a-lock.o)
                0x2000023c                __lock___malloc_recursive_mutex
 .bss.__lock___sfp_recursive_mutex
                0x2000023d        0x1 d:/vsarm/armcc/bin/../lib/gcc/arm-none-eabi/10.2.1/../../../../arm-none-eabi/lib/thumb/v7-m/nofp\libc_nano.a(lib_a-lock.o)
                0x2000023d                __lock___sfp_recursive_mutex
 .bss.__lock___sinit_recursive_mutex
                0x2000023e        0x1 d:/vsarm/armcc/bin/../lib/gcc/arm-none-eabi/10.2.1/../../../../arm-none-eabi/lib/thumb/v7-m/nofp\libc_nano.a(lib_a-lock.o)
                0x2000023e                __lock___sinit_recursive_mutex
 *fill*         0x2000023f        0x1 
 .bss.__malloc_free_list
                0x20000240        0x4 d:/vsarm/armcc/bin/../lib/gcc/arm-none-eabi/10.2.1/../../../../arm-none-eabi/lib/thumb/v7-m/nofp\libc_nano.a(lib_a-nano-mallocr.o)
                0x20000240                __malloc_free_list
 .bss.__malloc_sbrk_start
                0x20000244        0x4 d:/vsarm/armcc/bin/../lib/gcc/arm-none-eabi/10.2.1/../../../../arm-none-eabi/lib/thumb/v7-m/nofp\libc_nano.a(lib_a-nano-mallocr.o)
                0x20000244                __malloc_sbrk_start
 .bss.errno     0x20000248        0x4 d:/vsarm/armcc/bin/../lib/gcc/arm-none-eabi/10.2.1/../../../../arm-none-eabi/lib/thumb/v7-m/nofp\libc_nano.a(lib_a-reent.o)
                0x20000248                errno
 .bss.heap_end.0
                0x2000024c        0x4 d:/vsarm/armcc/bin/../lib/gcc/arm-none-eabi/10.2.1/../../../../arm-none-eabi/lib/thumb/v7-m/nofp\libnosys.a(sbrk.o)
 *(COMMON)
                0x20000250                . = ALIGN (0x4)
                0x20000250                _ebss = .
                0x20000250                __bss_end__ = _ebss

._user_heap_stack
                0x20000250      0x600 load address 0x080050b0
                0x20000250                . = ALIGN (0x8)
                0x20000250                PROVIDE (end = .)
                [!provide]                PROVIDE (_end = .)
                0x20000450                . = (. + _Min_Heap_Size)
 *fill*         0x20000250      0x200 
                0x20000850                . = (. + _Min_Stack_Size)
 *fill*         0x20000450      0x400 
                0x20000850                . = ALIGN (0x8)

/DISCARD/
 libc.a(*)
 libm.a(*)
 libgcc.a(*)

.ARM.attributes
                0x00000000       0x29
 *(.ARM.attributes)
 .ARM.attributes
                0x00000000       0x1d d:/vsarm/armcc/bin/../lib/gcc/arm-none-eabi/10.2.1/thumb/v7-m/nofp/crti.o
 .ARM.attributes
                0x0000001d       0x2d d:/vsarm/armcc/bin/../lib/gcc/arm-none-eabi/10.2.1/thumb/v7-m/nofp/crtbegin.o
 .ARM.attributes
                0x0000004a       0x2d build/main.o
 .ARM.attributes
                0x00000077       0x2d build/gpio.o
 .ARM.attributes
                0x000000a4       0x2d build/stm32f1xx_it.o
 .ARM.attributes
                0x000000d1       0x2d build/stm32f1xx_hal_msp.o
 .ARM.attributes
                0x000000fe       0x2d build/stm32f1xx_hal.o
 .ARM.attributes
                0x0000012b       0x2d build/stm32f1xx_hal_rcc.o
 .ARM.attributes
                0x00000158       0x2d build/stm32f1xx_hal_gpio.o
 .ARM.attributes
                0x00000185       0x2d build/stm32f1xx_hal_dma.o
 .ARM.attributes
                0x000001b2       0x2d build/stm32f1xx_hal_cortex.o
 .ARM.attributes
                0x000001df       0x2d build/system_stm32f1xx.o
 .ARM.attributes
                0x0000020c       0x2d build/usart.o
 .ARM.attributes
                0x00000239       0x2d build/stm32f1xx_hal_uart.o
 .ARM.attributes
                0x00000266       0x21 build/startup_stm32f103xe.o
 .ARM.attributes
                0x00000287       0x2d d:/vsarm/armcc/bin/../lib/gcc/arm-none-eabi/10.2.1/../../../../arm-none-eabi/lib/thumb/v7-m/nofp\libc_nano.a(lib_a-impure.o)
 .ARM.attributes
                0x000002b4       0x2d d:/vsarm/armcc/bin/../lib/gcc/arm-none-eabi/10.2.1/../../../../arm-none-eabi/lib/thumb/v7-m/nofp\libc_nano.a(lib_a-init.o)
 .ARM.attributes
                0x000002e1       0x2d d:/vsarm/armcc/bin/../lib/gcc/arm-none-eabi/10.2.1/../../../../arm-none-eabi/lib/thumb/v7-m/nofp\libc_nano.a(lib_a-memset.o)
 .ARM.attributes
                0x0000030e       0x2d d:/vsarm/armcc/bin/../lib/gcc/arm-none-eabi/10.2.1/../../../../arm-none-eabi/lib/thumb/v7-m/nofp\libc_nano.a(lib_a-nano-vfprintf_float.o)
 .ARM.attributes
                0x0000033b       0x2d d:/vsarm/armcc/bin/../lib/gcc/arm-none-eabi/10.2.1/../../../../arm-none-eabi/lib/thumb/v7-m/nofp\libc_nano.a(lib_a-nano-vfprintf_i.o)
 .ARM.attributes
                0x00000368       0x2d d:/vsarm/armcc/bin/../lib/gcc/arm-none-eabi/10.2.1/../../../../arm-none-eabi/lib/thumb/v7-m/nofp\libc_nano.a(lib_a-puts.o)
 .ARM.attributes
                0x00000395       0x17 d:/vsarm/armcc/bin/../lib/gcc/arm-none-eabi/10.2.1/../../../../arm-none-eabi/lib/thumb/v7-m/nofp\libc_nano.a(lib_a-strlen.o)
 .ARM.attributes
                0x000003ac       0x2d d:/vsarm/armcc/bin/../lib/gcc/arm-none-eabi/10.2.1/../../../../arm-none-eabi/lib/thumb/v7-m/nofp\libc_nano.a(lib_a-wbuf.o)
 .ARM.attributes
                0x000003d9       0x2d d:/vsarm/armcc/bin/../lib/gcc/arm-none-eabi/10.2.1/../../../../arm-none-eabi/lib/thumb/v7-m/nofp\libc_nano.a(lib_a-wsetup.o)
 .ARM.attributes
                0x00000406       0x2d d:/vsarm/armcc/bin/../lib/gcc/arm-none-eabi/10.2.1/../../../../arm-none-eabi/lib/thumb/v7-m/nofp\libc_nano.a(lib_a-dtoa.o)
 .ARM.attributes
                0x00000433       0x2d d:/vsarm/armcc/bin/../lib/gcc/arm-none-eabi/10.2.1/../../../../arm-none-eabi/lib/thumb/v7-m/nofp\libc_nano.a(lib_a-fflush.o)
 .ARM.attributes
                0x00000460       0x2d d:/vsarm/armcc/bin/../lib/gcc/arm-none-eabi/10.2.1/../../../../arm-none-eabi/lib/thumb/v7-m/nofp\libc_nano.a(lib_a-findfp.o)
 .ARM.attributes
                0x0000048d       0x2d d:/vsarm/armcc/bin/../lib/gcc/arm-none-eabi/10.2.1/../../../../arm-none-eabi/lib/thumb/v7-m/nofp\libc_nano.a(lib_a-fwalk.o)
 .ARM.attributes
                0x000004ba       0x2d d:/vsarm/armcc/bin/../lib/gcc/arm-none-eabi/10.2.1/../../../../arm-none-eabi/lib/thumb/v7-m/nofp\libc_nano.a(lib_a-localeconv.o)
 .ARM.attributes
                0x000004e7       0x2d d:/vsarm/armcc/bin/../lib/gcc/arm-none-eabi/10.2.1/../../../../arm-none-eabi/lib/thumb/v7-m/nofp\libc_nano.a(lib_a-lock.o)
 .ARM.attributes
                0x00000514       0x2d d:/vsarm/armcc/bin/../lib/gcc/arm-none-eabi/10.2.1/../../../../arm-none-eabi/lib/thumb/v7-m/nofp\libc_nano.a(lib_a-makebuf.o)
 .ARM.attributes
                0x00000541       0x2d d:/vsarm/armcc/bin/../lib/gcc/arm-none-eabi/10.2.1/../../../../arm-none-eabi/lib/thumb/v7-m/nofp\libc_nano.a(lib_a-malloc.o)
 .ARM.attributes
                0x0000056e       0x2d d:/vsarm/armcc/bin/../lib/gcc/arm-none-eabi/10.2.1/../../../../arm-none-eabi/lib/thumb/v7-m/nofp\libc_nano.a(lib_a-memchr-stub.o)
 .ARM.attributes
                0x0000059b       0x2d d:/vsarm/armcc/bin/../lib/gcc/arm-none-eabi/10.2.1/../../../../arm-none-eabi/lib/thumb/v7-m/nofp\libc_nano.a(lib_a-memcpy-stub.o)
 .ARM.attributes
                0x000005c8       0x2d d:/vsarm/armcc/bin/../lib/gcc/arm-none-eabi/10.2.1/../../../../arm-none-eabi/lib/thumb/v7-m/nofp\libc_nano.a(lib_a-mprec.o)
 .ARM.attributes
                0x000005f5       0x2d d:/vsarm/armcc/bin/../lib/gcc/arm-none-eabi/10.2.1/../../../../arm-none-eabi/lib/thumb/v7-m/nofp\libc_nano.a(lib_a-nano-callocr.o)
 .ARM.attributes
                0x00000622       0x2d d:/vsarm/armcc/bin/../lib/gcc/arm-none-eabi/10.2.1/../../../../arm-none-eabi/lib/thumb/v7-m/nofp\libc_nano.a(lib_a-nano-freer.o)
 .ARM.attributes
                0x0000064f       0x2d d:/vsarm/armcc/bin/../lib/gcc/arm-none-eabi/10.2.1/../../../../arm-none-eabi/lib/thumb/v7-m/nofp\libc_nano.a(lib_a-nano-mallocr.o)
 .ARM.attributes
                0x0000067c       0x2d d:/vsarm/armcc/bin/../lib/gcc/arm-none-eabi/10.2.1/../../../../arm-none-eabi/lib/thumb/v7-m/nofp\libc_nano.a(lib_a-sbrkr.o)
 .ARM.attributes
                0x000006a9       0x2d d:/vsarm/armcc/bin/../lib/gcc/arm-none-eabi/10.2.1/../../../../arm-none-eabi/lib/thumb/v7-m/nofp\libc_nano.a(lib_a-stdio.o)
 .ARM.attributes
                0x000006d6       0x2d d:/vsarm/armcc/bin/../lib/gcc/arm-none-eabi/10.2.1/../../../../arm-none-eabi/lib/thumb/v7-m/nofp\libc_nano.a(lib_a-writer.o)
 .ARM.attributes
                0x00000703       0x2d d:/vsarm/armcc/bin/../lib/gcc/arm-none-eabi/10.2.1/../../../../arm-none-eabi/lib/thumb/v7-m/nofp\libc_nano.a(lib_a-assert.o)
 .ARM.attributes
                0x00000730       0x2d d:/vsarm/armcc/bin/../lib/gcc/arm-none-eabi/10.2.1/../../../../arm-none-eabi/lib/thumb/v7-m/nofp\libc_nano.a(lib_a-closer.o)
 .ARM.attributes
                0x0000075d       0x2d d:/vsarm/armcc/bin/../lib/gcc/arm-none-eabi/10.2.1/../../../../arm-none-eabi/lib/thumb/v7-m/nofp\libc_nano.a(lib_a-fprintf.o)
 .ARM.attributes
                0x0000078a       0x2d d:/vsarm/armcc/bin/../lib/gcc/arm-none-eabi/10.2.1/../../../../arm-none-eabi/lib/thumb/v7-m/nofp\libc_nano.a(lib_a-fstatr.o)
 .ARM.attributes
                0x000007b7       0x2d d:/vsarm/armcc/bin/../lib/gcc/arm-none-eabi/10.2.1/../../../../arm-none-eabi/lib/thumb/v7-m/nofp\libc_nano.a(lib_a-isattyr.o)
 .ARM.attributes
                0x000007e4       0x2d d:/vsarm/armcc/bin/../lib/gcc/arm-none-eabi/10.2.1/../../../../arm-none-eabi/lib/thumb/v7-m/nofp\libc_nano.a(lib_a-locale.o)
 .ARM.attributes
                0x00000811       0x2d d:/vsarm/armcc/bin/../lib/gcc/arm-none-eabi/10.2.1/../../../../arm-none-eabi/lib/thumb/v7-m/nofp\libc_nano.a(lib_a-lseekr.o)
 .ARM.attributes
                0x0000083e       0x2d d:/vsarm/armcc/bin/../lib/gcc/arm-none-eabi/10.2.1/../../../../arm-none-eabi/lib/thumb/v7-m/nofp\libc_nano.a(lib_a-mbtowc_r.o)
 .ARM.attributes
                0x0000086b       0x2d d:/vsarm/armcc/bin/../lib/gcc/arm-none-eabi/10.2.1/../../../../arm-none-eabi/lib/thumb/v7-m/nofp\libc_nano.a(lib_a-mlock.o)
 .ARM.attributes
                0x00000898       0x2d d:/vsarm/armcc/bin/../lib/gcc/arm-none-eabi/10.2.1/../../../../arm-none-eabi/lib/thumb/v7-m/nofp\libc_nano.a(lib_a-nano-vfprintf.o)
 .ARM.attributes
                0x000008c5       0x2d d:/vsarm/armcc/bin/../lib/gcc/arm-none-eabi/10.2.1/../../../../arm-none-eabi/lib/thumb/v7-m/nofp\libc_nano.a(lib_a-readr.o)
 .ARM.attributes
                0x000008f2       0x2d d:/vsarm/armcc/bin/../lib/gcc/arm-none-eabi/10.2.1/../../../../arm-none-eabi/lib/thumb/v7-m/nofp\libc_nano.a(lib_a-reent.o)
 .ARM.attributes
                0x0000091f       0x2d d:/vsarm/armcc/bin/../lib/gcc/arm-none-eabi/10.2.1/../../../../arm-none-eabi/lib/thumb/v7-m/nofp\libc_nano.a(lib_a-wctomb_r.o)
 .ARM.attributes
                0x0000094c       0x2d d:/vsarm/armcc/bin/../lib/gcc/arm-none-eabi/10.2.1/../../../../arm-none-eabi/lib/thumb/v7-m/nofp\libc_nano.a(lib_a-abort.o)
 .ARM.attributes
                0x00000979       0x2d d:/vsarm/armcc/bin/../lib/gcc/arm-none-eabi/10.2.1/../../../../arm-none-eabi/lib/thumb/v7-m/nofp\libc_nano.a(lib_a-ctype_.o)
 .ARM.attributes
                0x000009a6       0x2d d:/vsarm/armcc/bin/../lib/gcc/arm-none-eabi/10.2.1/../../../../arm-none-eabi/lib/thumb/v7-m/nofp\libc_nano.a(lib_a-signal.o)
 .ARM.attributes
                0x000009d3       0x2d d:/vsarm/armcc/bin/../lib/gcc/arm-none-eabi/10.2.1/../../../../arm-none-eabi/lib/thumb/v7-m/nofp\libc_nano.a(lib_a-signalr.o)
 .ARM.attributes
                0x00000a00       0x2d d:/vsarm/armcc/bin/../lib/gcc/arm-none-eabi/10.2.1/../../../../arm-none-eabi/lib/thumb/v7-m/nofp\libnosys.a(close.o)
 .ARM.attributes
                0x00000a2d       0x2d d:/vsarm/armcc/bin/../lib/gcc/arm-none-eabi/10.2.1/../../../../arm-none-eabi/lib/thumb/v7-m/nofp\libnosys.a(fstat.o)
 .ARM.attributes
                0x00000a5a       0x2d d:/vsarm/armcc/bin/../lib/gcc/arm-none-eabi/10.2.1/../../../../arm-none-eabi/lib/thumb/v7-m/nofp\libnosys.a(getpid.o)
 .ARM.attributes
                0x00000a87       0x2d d:/vsarm/armcc/bin/../lib/gcc/arm-none-eabi/10.2.1/../../../../arm-none-eabi/lib/thumb/v7-m/nofp\libnosys.a(isatty.o)
 .ARM.attributes
                0x00000ab4       0x2d d:/vsarm/armcc/bin/../lib/gcc/arm-none-eabi/10.2.1/../../../../arm-none-eabi/lib/thumb/v7-m/nofp\libnosys.a(kill.o)
 .ARM.attributes
                0x00000ae1       0x2d d:/vsarm/armcc/bin/../lib/gcc/arm-none-eabi/10.2.1/../../../../arm-none-eabi/lib/thumb/v7-m/nofp\libnosys.a(lseek.o)
 .ARM.attributes
                0x00000b0e       0x2d d:/vsarm/armcc/bin/../lib/gcc/arm-none-eabi/10.2.1/../../../../arm-none-eabi/lib/thumb/v7-m/nofp\libnosys.a(read.o)
 .ARM.attributes
                0x00000b3b       0x2d d:/vsarm/armcc/bin/../lib/gcc/arm-none-eabi/10.2.1/../../../../arm-none-eabi/lib/thumb/v7-m/nofp\libnosys.a(sbrk.o)
 .ARM.attributes
                0x00000b68       0x2d d:/vsarm/armcc/bin/../lib/gcc/arm-none-eabi/10.2.1/../../../../arm-none-eabi/lib/thumb/v7-m/nofp\libnosys.a(_exit.o)
 .ARM.attributes
                0x00000b95       0x1d d:/vsarm/armcc/bin/../lib/gcc/arm-none-eabi/10.2.1/thumb/v7-m/nofp\libgcc.a(_arm_addsubdf3.o)
 .ARM.attributes
                0x00000bb2       0x1d d:/vsarm/armcc/bin/../lib/gcc/arm-none-eabi/10.2.1/thumb/v7-m/nofp\libgcc.a(_arm_muldivdf3.o)
 .ARM.attributes
                0x00000bcf       0x1d d:/vsarm/armcc/bin/../lib/gcc/arm-none-eabi/10.2.1/thumb/v7-m/nofp\libgcc.a(_arm_cmpdf2.o)
 .ARM.attributes
                0x00000bec       0x1d d:/vsarm/armcc/bin/../lib/gcc/arm-none-eabi/10.2.1/thumb/v7-m/nofp\libgcc.a(_arm_unorddf2.o)
 .ARM.attributes
                0x00000c09       0x1d d:/vsarm/armcc/bin/../lib/gcc/arm-none-eabi/10.2.1/thumb/v7-m/nofp\libgcc.a(_arm_fixdfsi.o)
 .ARM.attributes
                0x00000c26       0x1d d:/vsarm/armcc/bin/../lib/gcc/arm-none-eabi/10.2.1/thumb/v7-m/nofp/crtn.o
OUTPUT(build/DS.elf elf32-littlearm)
LOAD linker stubs
LOAD d:/vsarm/armcc/bin/../lib/gcc/arm-none-eabi/10.2.1/../../../../arm-none-eabi/lib/thumb/v7-m/nofp\libc.a
LOAD d:/vsarm/armcc/bin/../lib/gcc/arm-none-eabi/10.2.1/../../../../arm-none-eabi/lib/thumb/v7-m/nofp\libm.a
LOAD d:/vsarm/armcc/bin/../lib/gcc/arm-none-eabi/10.2.1/thumb/v7-m/nofp\libgcc.a

.debug_info     0x00000000     0x7735
 .debug_info    0x00000000     0x1156 build/main.o
 .debug_info    0x00001156      0x349 build/gpio.o
 .debug_info    0x0000149f      0x6bd build/stm32f1xx_it.o
 .debug_info    0x00001b5c      0x25e build/stm32f1xx_hal_msp.o
 .debug_info    0x00001dba      0x8bb build/stm32f1xx_hal.o
 .debug_info    0x00002675      0xaec build/stm32f1xx_hal_rcc.o
 .debug_info    0x00003161      0x6d7 build/stm32f1xx_hal_gpio.o
 .debug_info    0x00003838      0x8ba build/stm32f1xx_hal_dma.o
 .debug_info    0x000040f2      0xe93 build/stm32f1xx_hal_cortex.o
 .debug_info    0x00004f85      0x26e build/system_stm32f1xx.o
 .debug_info    0x000051f3      0xb73 build/usart.o
 .debug_info    0x00005d66     0x19ad build/stm32f1xx_hal_uart.o
 .debug_info    0x00007713       0x22 build/startup_stm32f103xe.o

.debug_abbrev   0x00000000     0x1967
 .debug_abbrev  0x00000000      0x35b build/main.o
 .debug_abbrev  0x0000035b      0x13f build/gpio.o
 .debug_abbrev  0x0000049a      0x157 build/stm32f1xx_it.o
 .debug_abbrev  0x000005f1      0x10b build/stm32f1xx_hal_msp.o
 .debug_abbrev  0x000006fc      0x1f7 build/stm32f1xx_hal.o
 .debug_abbrev  0x000008f3      0x29a build/stm32f1xx_hal_rcc.o
 .debug_abbrev  0x00000b8d      0x222 build/stm32f1xx_hal_gpio.o
 .debug_abbrev  0x00000daf      0x262 build/stm32f1xx_hal_dma.o
 .debug_abbrev  0x00001011      0x359 build/stm32f1xx_hal_cortex.o
 .debug_abbrev  0x0000136a      0x140 build/system_stm32f1xx.o
 .debug_abbrev  0x000014aa      0x200 build/usart.o
 .debug_abbrev  0x000016aa      0x2ab build/stm32f1xx_hal_uart.o
 .debug_abbrev  0x00001955       0x12 build/startup_stm32f103xe.o

.debug_loc      0x00000000     0x4223
 .debug_loc     0x00000000      0x110 build/main.o
 .debug_loc     0x00000110       0x38 build/gpio.o
 .debug_loc     0x00000148       0x60 build/stm32f1xx_it.o
 .debug_loc     0x000001a8       0x4d build/stm32f1xx_hal_msp.o
 .debug_loc     0x000001f5      0x1e1 build/stm32f1xx_hal.o
 .debug_loc     0x000003d6      0x7ee build/stm32f1xx_hal_rcc.o
 .debug_loc     0x00000bc4      0x551 build/stm32f1xx_hal_gpio.o
 .debug_loc     0x00001115      0x8ea build/stm32f1xx_hal_dma.o
 .debug_loc     0x000019ff      0x77f build/stm32f1xx_hal_cortex.o
 .debug_loc     0x0000217e       0xff build/system_stm32f1xx.o
 .debug_loc     0x0000227d      0x1a1 build/usart.o
 .debug_loc     0x0000241e     0x1e05 build/stm32f1xx_hal_uart.o

.debug_aranges  0x00000000      0x610
 .debug_aranges
                0x00000000       0x38 build/main.o
 .debug_aranges
                0x00000038       0x20 build/gpio.o
 .debug_aranges
                0x00000058       0x68 build/stm32f1xx_it.o
 .debug_aranges
                0x000000c0       0x20 build/stm32f1xx_hal_msp.o
 .debug_aranges
                0x000000e0       0xe0 build/stm32f1xx_hal.o
 .debug_aranges
                0x000001c0       0x90 build/stm32f1xx_hal_rcc.o
 .debug_aranges
                0x00000250       0x58 build/stm32f1xx_hal_gpio.o
 .debug_aranges
                0x000002a8       0x80 build/stm32f1xx_hal_dma.o
 .debug_aranges
                0x00000328       0x90 build/stm32f1xx_hal_cortex.o
 .debug_aranges
                0x000003b8       0x28 build/system_stm32f1xx.o
 .debug_aranges
                0x000003e0       0x38 build/usart.o
 .debug_aranges
                0x00000418      0x1d0 build/stm32f1xx_hal_uart.o
 .debug_aranges
                0x000005e8       0x28 build/startup_stm32f103xe.o

.debug_ranges   0x00000000      0x5c8
 .debug_ranges  0x00000000       0x28 build/main.o
 .debug_ranges  0x00000028       0x10 build/gpio.o
 .debug_ranges  0x00000038       0x58 build/stm32f1xx_it.o
 .debug_ranges  0x00000090       0x10 build/stm32f1xx_hal_msp.o
 .debug_ranges  0x000000a0       0xd0 build/stm32f1xx_hal.o
 .debug_ranges  0x00000170       0xa0 build/stm32f1xx_hal_rcc.o
 .debug_ranges  0x00000210       0x48 build/stm32f1xx_hal_gpio.o
 .debug_ranges  0x00000258       0x70 build/stm32f1xx_hal_dma.o
 .debug_ranges  0x000002c8       0xe0 build/stm32f1xx_hal_cortex.o
 .debug_ranges  0x000003a8       0x18 build/system_stm32f1xx.o
 .debug_ranges  0x000003c0       0x28 build/usart.o
 .debug_ranges  0x000003e8      0x1c0 build/stm32f1xx_hal_uart.o
 .debug_ranges  0x000005a8       0x20 build/startup_stm32f103xe.o

.debug_line     0x00000000     0x58cb
 .debug_line    0x00000000      0x498 build/main.o
 .debug_line    0x00000498      0x1dc build/gpio.o
 .debug_line    0x00000674      0x308 build/stm32f1xx_it.o
 .debug_line    0x0000097c      0x1bd build/stm32f1xx_hal_msp.o
 .debug_line    0x00000b39      0x59a build/stm32f1xx_hal.o
 .debug_line    0x000010d3      0xc64 build/stm32f1xx_hal_rcc.o
 .debug_line    0x00001d37      0x62f build/stm32f1xx_hal_gpio.o
 .debug_line    0x00002366      0xd23 build/stm32f1xx_hal_dma.o
 .debug_line    0x00003089      0x671 build/stm32f1xx_hal_cortex.o
 .debug_line    0x000036fa      0x216 build/system_stm32f1xx.o
 .debug_line    0x00003910      0x359 build/usart.o
 .debug_line    0x00003c69     0x1bf0 build/stm32f1xx_hal_uart.o
 .debug_line    0x00005859       0x72 build/startup_stm32f103xe.o

.debug_str      0x00000000     0x23ce
 .debug_str     0x00000000      0x7ba build/main.o
                                0x831 (size before relaxing)
 .debug_str     0x000007ba       0xbe build/gpio.o
                                0x265 (size before relaxing)
 .debug_str     0x00000878      0x441 build/stm32f1xx_it.o
                                0x60f (size before relaxing)
 .debug_str     0x00000cb9       0x6a build/stm32f1xx_hal_msp.o
                                0x224 (size before relaxing)
 .debug_str     0x00000d23      0x6f6 build/stm32f1xx_hal.o
                                0x924 (size before relaxing)
 .debug_str     0x00001419      0x218 build/stm32f1xx_hal_rcc.o
                                0x647 (size before relaxing)
 .debug_str     0x00001631      0x148 build/stm32f1xx_hal_gpio.o
                                0x41c (size before relaxing)
 .debug_str     0x00001779      0x270 build/stm32f1xx_hal_dma.o
                                0x619 (size before relaxing)
 .debug_str     0x000019e9      0x3ce build/stm32f1xx_hal_cortex.o
                                0x9d3 (size before relaxing)
 .debug_str     0x00001db7       0x4f build/system_stm32f1xx.o
                                0x23c (size before relaxing)
 .debug_str     0x00001e06       0x68 build/usart.o
                                0xa7b (size before relaxing)
 .debug_str     0x00001e6e      0x53c build/stm32f1xx_hal_uart.o
                                0xbbe (size before relaxing)
 .debug_str     0x000023aa       0x24 build/startup_stm32f103xe.o
                                 0x5b (size before relaxing)

.comment        0x00000000       0x4d
 .comment       0x00000000       0x4d build/main.o
                                 0x4e (size before relaxing)
 .comment       0x0000004d       0x4e build/gpio.o
 .comment       0x0000004d       0x4e build/stm32f1xx_it.o
 .comment       0x0000004d       0x4e build/stm32f1xx_hal_msp.o
 .comment       0x0000004d       0x4e build/stm32f1xx_hal.o
 .comment       0x0000004d       0x4e build/stm32f1xx_hal_rcc.o
 .comment       0x0000004d       0x4e build/stm32f1xx_hal_gpio.o
 .comment       0x0000004d       0x4e build/stm32f1xx_hal_dma.o
 .comment       0x0000004d       0x4e build/stm32f1xx_hal_cortex.o
 .comment       0x0000004d       0x4e build/system_stm32f1xx.o
 .comment       0x0000004d       0x4e build/usart.o
 .comment       0x0000004d       0x4e build/stm32f1xx_hal_uart.o

.debug_frame    0x00000000     0x1f74
 .debug_frame   0x00000000       0x6c build/main.o
 .debug_frame   0x0000006c       0x30 build/gpio.o
 .debug_frame   0x0000009c       0xc8 build/stm32f1xx_it.o
 .debug_frame   0x00000164       0x2c build/stm32f1xx_hal_msp.o
 .debug_frame   0x00000190      0x1cc build/stm32f1xx_hal.o
 .debug_frame   0x0000035c      0x190 build/stm32f1xx_hal_rcc.o
 .debug_frame   0x000004ec       0xe4 build/stm32f1xx_hal_gpio.o
 .debug_frame   0x000005d0      0x140 build/stm32f1xx_hal_dma.o
 .debug_frame   0x00000710      0x118 build/stm32f1xx_hal_cortex.o
 .debug_frame   0x00000828       0x30 build/system_stm32f1xx.o
 .debug_frame   0x00000858       0x7c build/usart.o
 .debug_frame   0x000008d4      0x4e8 build/stm32f1xx_hal_uart.o
 .debug_frame   0x00000dbc       0x2c d:/vsarm/armcc/bin/../lib/gcc/arm-none-eabi/10.2.1/../../../../arm-none-eabi/lib/thumb/v7-m/nofp\libc_nano.a(lib_a-init.o)
 .debug_frame   0x00000de8       0x20 d:/vsarm/armcc/bin/../lib/gcc/arm-none-eabi/10.2.1/../../../../arm-none-eabi/lib/thumb/v7-m/nofp\libc_nano.a(lib_a-memset.o)
 .debug_frame   0x00000e08       0x94 d:/vsarm/armcc/bin/../lib/gcc/arm-none-eabi/10.2.1/../../../../arm-none-eabi/lib/thumb/v7-m/nofp\libc_nano.a(lib_a-nano-vfprintf_float.o)
 .debug_frame   0x00000e9c       0x60 d:/vsarm/armcc/bin/../lib/gcc/arm-none-eabi/10.2.1/../../../../arm-none-eabi/lib/thumb/v7-m/nofp\libc_nano.a(lib_a-nano-vfprintf_i.o)
 .debug_frame   0x00000efc       0x3c d:/vsarm/armcc/bin/../lib/gcc/arm-none-eabi/10.2.1/../../../../arm-none-eabi/lib/thumb/v7-m/nofp\libc_nano.a(lib_a-puts.o)
 .debug_frame   0x00000f38       0x40 d:/vsarm/armcc/bin/../lib/gcc/arm-none-eabi/10.2.1/../../../../arm-none-eabi/lib/thumb/v7-m/nofp\libc_nano.a(lib_a-wbuf.o)
 .debug_frame   0x00000f78       0x2c d:/vsarm/armcc/bin/../lib/gcc/arm-none-eabi/10.2.1/../../../../arm-none-eabi/lib/thumb/v7-m/nofp\libc_nano.a(lib_a-wsetup.o)
 .debug_frame   0x00000fa4       0x6c d:/vsarm/armcc/bin/../lib/gcc/arm-none-eabi/10.2.1/../../../../arm-none-eabi/lib/thumb/v7-m/nofp\libc_nano.a(lib_a-dtoa.o)
 .debug_frame   0x00001010       0x5c d:/vsarm/armcc/bin/../lib/gcc/arm-none-eabi/10.2.1/../../../../arm-none-eabi/lib/thumb/v7-m/nofp\libc_nano.a(lib_a-fflush.o)
 .debug_frame   0x0000106c      0x14c d:/vsarm/armcc/bin/../lib/gcc/arm-none-eabi/10.2.1/../../../../arm-none-eabi/lib/thumb/v7-m/nofp\libc_nano.a(lib_a-findfp.o)
 .debug_frame   0x000011b8       0x54 d:/vsarm/armcc/bin/../lib/gcc/arm-none-eabi/10.2.1/../../../../arm-none-eabi/lib/thumb/v7-m/nofp\libc_nano.a(lib_a-fwalk.o)
 .debug_frame   0x0000120c       0x40 d:/vsarm/armcc/bin/../lib/gcc/arm-none-eabi/10.2.1/../../../../arm-none-eabi/lib/thumb/v7-m/nofp\libc_nano.a(lib_a-localeconv.o)
 .debug_frame   0x0000124c       0xb0 d:/vsarm/armcc/bin/../lib/gcc/arm-none-eabi/10.2.1/../../../../arm-none-eabi/lib/thumb/v7-m/nofp\libc_nano.a(lib_a-lock.o)
 .debug_frame   0x000012fc       0x58 d:/vsarm/armcc/bin/../lib/gcc/arm-none-eabi/10.2.1/../../../../arm-none-eabi/lib/thumb/v7-m/nofp\libc_nano.a(lib_a-makebuf.o)
 .debug_frame   0x00001354       0x30 d:/vsarm/armcc/bin/../lib/gcc/arm-none-eabi/10.2.1/../../../../arm-none-eabi/lib/thumb/v7-m/nofp\libc_nano.a(lib_a-malloc.o)
 .debug_frame   0x00001384       0x28 d:/vsarm/armcc/bin/../lib/gcc/arm-none-eabi/10.2.1/../../../../arm-none-eabi/lib/thumb/v7-m/nofp\libc_nano.a(lib_a-memchr-stub.o)
 .debug_frame   0x000013ac       0x28 d:/vsarm/armcc/bin/../lib/gcc/arm-none-eabi/10.2.1/../../../../arm-none-eabi/lib/thumb/v7-m/nofp\libc_nano.a(lib_a-memcpy-stub.o)
 .debug_frame   0x000013d4      0x254 d:/vsarm/armcc/bin/../lib/gcc/arm-none-eabi/10.2.1/../../../../arm-none-eabi/lib/thumb/v7-m/nofp\libc_nano.a(lib_a-mprec.o)
 .debug_frame   0x00001628       0x2c d:/vsarm/armcc/bin/../lib/gcc/arm-none-eabi/10.2.1/../../../../arm-none-eabi/lib/thumb/v7-m/nofp\libc_nano.a(lib_a-nano-callocr.o)
 .debug_frame   0x00001654       0x38 d:/vsarm/armcc/bin/../lib/gcc/arm-none-eabi/10.2.1/../../../../arm-none-eabi/lib/thumb/v7-m/nofp\libc_nano.a(lib_a-nano-freer.o)
 .debug_frame   0x0000168c       0x30 d:/vsarm/armcc/bin/../lib/gcc/arm-none-eabi/10.2.1/../../../../arm-none-eabi/lib/thumb/v7-m/nofp\libc_nano.a(lib_a-nano-mallocr.o)
 .debug_frame   0x000016bc       0x2c d:/vsarm/armcc/bin/../lib/gcc/arm-none-eabi/10.2.1/../../../../arm-none-eabi/lib/thumb/v7-m/nofp\libc_nano.a(lib_a-sbrkr.o)
 .debug_frame   0x000016e8       0x88 d:/vsarm/armcc/bin/../lib/gcc/arm-none-eabi/10.2.1/../../../../arm-none-eabi/lib/thumb/v7-m/nofp\libc_nano.a(lib_a-stdio.o)
 .debug_frame   0x00001770       0x2c d:/vsarm/armcc/bin/../lib/gcc/arm-none-eabi/10.2.1/../../../../arm-none-eabi/lib/thumb/v7-m/nofp\libc_nano.a(lib_a-writer.o)
 .debug_frame   0x0000179c       0x40 d:/vsarm/armcc/bin/../lib/gcc/arm-none-eabi/10.2.1/../../../../arm-none-eabi/lib/thumb/v7-m/nofp\libc_nano.a(lib_a-assert.o)
 .debug_frame   0x000017dc       0x2c d:/vsarm/armcc/bin/../lib/gcc/arm-none-eabi/10.2.1/../../../../arm-none-eabi/lib/thumb/v7-m/nofp\libc_nano.a(lib_a-closer.o)
 .debug_frame   0x00001808       0x64 d:/vsarm/armcc/bin/../lib/gcc/arm-none-eabi/10.2.1/../../../../arm-none-eabi/lib/thumb/v7-m/nofp\libc_nano.a(lib_a-fprintf.o)
 .debug_frame   0x0000186c       0x2c d:/vsarm/armcc/bin/../lib/gcc/arm-none-eabi/10.2.1/../../../../arm-none-eabi/lib/thumb/v7-m/nofp\libc_nano.a(lib_a-fstatr.o)
 .debug_frame   0x00001898       0x2c d:/vsarm/armcc/bin/../lib/gcc/arm-none-eabi/10.2.1/../../../../arm-none-eabi/lib/thumb/v7-m/nofp\libc_nano.a(lib_a-isattyr.o)
 .debug_frame   0x000018c4       0x48 d:/vsarm/armcc/bin/../lib/gcc/arm-none-eabi/10.2.1/../../../../arm-none-eabi/lib/thumb/v7-m/nofp\libc_nano.a(lib_a-locale.o)
 .debug_frame   0x0000190c       0x2c d:/vsarm/armcc/bin/../lib/gcc/arm-none-eabi/10.2.1/../../../../arm-none-eabi/lib/thumb/v7-m/nofp\libc_nano.a(lib_a-lseekr.o)
 .debug_frame   0x00001938       0x48 d:/vsarm/armcc/bin/../lib/gcc/arm-none-eabi/10.2.1/../../../../arm-none-eabi/lib/thumb/v7-m/nofp\libc_nano.a(lib_a-mbtowc_r.o)
 .debug_frame   0x00001980       0x30 d:/vsarm/armcc/bin/../lib/gcc/arm-none-eabi/10.2.1/../../../../arm-none-eabi/lib/thumb/v7-m/nofp\libc_nano.a(lib_a-mlock.o)
 .debug_frame   0x000019b0       0xac d:/vsarm/armcc/bin/../lib/gcc/arm-none-eabi/10.2.1/../../../../arm-none-eabi/lib/thumb/v7-m/nofp\libc_nano.a(lib_a-nano-vfprintf.o)
 .debug_frame   0x00001a5c       0x2c d:/vsarm/armcc/bin/../lib/gcc/arm-none-eabi/10.2.1/../../../../arm-none-eabi/lib/thumb/v7-m/nofp\libc_nano.a(lib_a-readr.o)
 .debug_frame   0x00001a88       0x5c d:/vsarm/armcc/bin/../lib/gcc/arm-none-eabi/10.2.1/../../../../arm-none-eabi/lib/thumb/v7-m/nofp\libc_nano.a(lib_a-reent.o)
 .debug_frame   0x00001ae4       0x3c d:/vsarm/armcc/bin/../lib/gcc/arm-none-eabi/10.2.1/../../../../arm-none-eabi/lib/thumb/v7-m/nofp\libc_nano.a(lib_a-wctomb_r.o)
 .debug_frame   0x00001b20       0x28 d:/vsarm/armcc/bin/../lib/gcc/arm-none-eabi/10.2.1/../../../../arm-none-eabi/lib/thumb/v7-m/nofp\libc_nano.a(lib_a-abort.o)
 .debug_frame   0x00001b48       0xcc d:/vsarm/armcc/bin/../lib/gcc/arm-none-eabi/10.2.1/../../../../arm-none-eabi/lib/thumb/v7-m/nofp\libc_nano.a(lib_a-signal.o)
 .debug_frame   0x00001c14       0x3c d:/vsarm/armcc/bin/../lib/gcc/arm-none-eabi/10.2.1/../../../../arm-none-eabi/lib/thumb/v7-m/nofp\libc_nano.a(lib_a-signalr.o)
 .debug_frame   0x00001c50       0x20 d:/vsarm/armcc/bin/../lib/gcc/arm-none-eabi/10.2.1/../../../../arm-none-eabi/lib/thumb/v7-m/nofp\libnosys.a(close.o)
 .debug_frame   0x00001c70       0x20 d:/vsarm/armcc/bin/../lib/gcc/arm-none-eabi/10.2.1/../../../../arm-none-eabi/lib/thumb/v7-m/nofp\libnosys.a(fstat.o)
 .debug_frame   0x00001c90       0x20 d:/vsarm/armcc/bin/../lib/gcc/arm-none-eabi/10.2.1/../../../../arm-none-eabi/lib/thumb/v7-m/nofp\libnosys.a(getpid.o)
 .debug_frame   0x00001cb0       0x20 d:/vsarm/armcc/bin/../lib/gcc/arm-none-eabi/10.2.1/../../../../arm-none-eabi/lib/thumb/v7-m/nofp\libnosys.a(isatty.o)
 .debug_frame   0x00001cd0       0x20 d:/vsarm/armcc/bin/../lib/gcc/arm-none-eabi/10.2.1/../../../../arm-none-eabi/lib/thumb/v7-m/nofp\libnosys.a(kill.o)
 .debug_frame   0x00001cf0       0x20 d:/vsarm/armcc/bin/../lib/gcc/arm-none-eabi/10.2.1/../../../../arm-none-eabi/lib/thumb/v7-m/nofp\libnosys.a(lseek.o)
 .debug_frame   0x00001d10       0x20 d:/vsarm/armcc/bin/../lib/gcc/arm-none-eabi/10.2.1/../../../../arm-none-eabi/lib/thumb/v7-m/nofp\libnosys.a(read.o)
 .debug_frame   0x00001d30       0x20 d:/vsarm/armcc/bin/../lib/gcc/arm-none-eabi/10.2.1/../../../../arm-none-eabi/lib/thumb/v7-m/nofp\libnosys.a(sbrk.o)
 .debug_frame   0x00001d50       0x20 d:/vsarm/armcc/bin/../lib/gcc/arm-none-eabi/10.2.1/../../../../arm-none-eabi/lib/thumb/v7-m/nofp\libnosys.a(_exit.o)
 .debug_frame   0x00001d70       0xac d:/vsarm/armcc/bin/../lib/gcc/arm-none-eabi/10.2.1/thumb/v7-m/nofp\libgcc.a(_arm_addsubdf3.o)
 .debug_frame   0x00001e1c       0x50 d:/vsarm/armcc/bin/../lib/gcc/arm-none-eabi/10.2.1/thumb/v7-m/nofp\libgcc.a(_arm_muldivdf3.o)
 .debug_frame   0x00001e6c       0xc4 d:/vsarm/armcc/bin/../lib/gcc/arm-none-eabi/10.2.1/thumb/v7-m/nofp\libgcc.a(_arm_cmpdf2.o)
 .debug_frame   0x00001f30       0x20 d:/vsarm/armcc/bin/../lib/gcc/arm-none-eabi/10.2.1/thumb/v7-m/nofp\libgcc.a(_arm_unorddf2.o)
 .debug_frame   0x00001f50       0x24 d:/vsarm/armcc/bin/../lib/gcc/arm-none-eabi/10.2.1/thumb/v7-m/nofp\libgcc.a(_arm_fixdfsi.o)

.stab           0x00000000       0xb4
 .stab          0x00000000       0x24 d:/vsarm/armcc/bin/../lib/gcc/arm-none-eabi/10.2.1/../../../../arm-none-eabi/lib/thumb/v7-m/nofp\libnosys.a(close.o)
 .stab          0x00000024       0x18 d:/vsarm/armcc/bin/../lib/gcc/arm-none-eabi/10.2.1/../../../../arm-none-eabi/lib/thumb/v7-m/nofp\libnosys.a(fstat.o)
                                 0x24 (size before relaxing)
 .stab          0x0000003c       0x18 d:/vsarm/armcc/bin/../lib/gcc/arm-none-eabi/10.2.1/../../../../arm-none-eabi/lib/thumb/v7-m/nofp\libnosys.a(getpid.o)
                                 0x24 (size before relaxing)
 .stab          0x00000054       0x18 d:/vsarm/armcc/bin/../lib/gcc/arm-none-eabi/10.2.1/../../../../arm-none-eabi/lib/thumb/v7-m/nofp\libnosys.a(isatty.o)
                                 0x24 (size before relaxing)
 .stab          0x0000006c       0x18 d:/vsarm/armcc/bin/../lib/gcc/arm-none-eabi/10.2.1/../../../../arm-none-eabi/lib/thumb/v7-m/nofp\libnosys.a(kill.o)
                                 0x24 (size before relaxing)
 .stab          0x00000084       0x18 d:/vsarm/armcc/bin/../lib/gcc/arm-none-eabi/10.2.1/../../../../arm-none-eabi/lib/thumb/v7-m/nofp\libnosys.a(lseek.o)
                                 0x24 (size before relaxing)
 .stab          0x0000009c       0x18 d:/vsarm/armcc/bin/../lib/gcc/arm-none-eabi/10.2.1/../../../../arm-none-eabi/lib/thumb/v7-m/nofp\libnosys.a(read.o)
                                 0x24 (size before relaxing)

.stabstr        0x00000000      0x183
 .stabstr       0x00000000      0x183 d:/vsarm/armcc/bin/../lib/gcc/arm-none-eabi/10.2.1/../../../../arm-none-eabi/lib/thumb/v7-m/nofp\libnosys.a(close.o)

Cross Reference Table

Symbol                                            File
ADC1_2_IRQHandler                                 build/startup_stm32f103xe.o
ADC3_IRQHandler                                   build/startup_stm32f103xe.o
AHBPrescTable                                     build/system_stm32f1xx.o
                                                  build/stm32f1xx_hal_rcc.o
APBPrescTable                                     build/system_stm32f1xx.o
                                                  build/stm32f1xx_hal_rcc.o
BusFault_Handler                                  build/stm32f1xx_it.o
CAN1_RX1_IRQHandler                               build/startup_stm32f103xe.o
CAN1_SCE_IRQHandler                               build/startup_stm32f103xe.o
DMA1_Channel1_IRQHandler                          build/startup_stm32f103xe.o
DMA1_Channel2_IRQHandler                          build/startup_stm32f103xe.o
DMA1_Channel3_IRQHandler                          build/startup_stm32f103xe.o
DMA1_Channel4_IRQHandler                          build/startup_stm32f103xe.o
DMA1_Channel5_IRQHandler                          build/startup_stm32f103xe.o
DMA1_Channel6_IRQHandler                          build/startup_stm32f103xe.o
DMA1_Channel7_IRQHandler                          build/startup_stm32f103xe.o
DMA2_Channel1_IRQHandler                          build/startup_stm32f103xe.o
DMA2_Channel2_IRQHandler                          build/startup_stm32f103xe.o
DMA2_Channel3_IRQHandler                          build/startup_stm32f103xe.o
DMA2_Channel4_5_IRQHandler                        build/startup_stm32f103xe.o
DebugMon_Handler                                  build/stm32f1xx_it.o
Default_Handler                                   build/startup_stm32f103xe.o
EXTI0_IRQHandler                                  build/startup_stm32f103xe.o
EXTI15_10_IRQHandler                              build/startup_stm32f103xe.o
EXTI1_IRQHandler                                  build/startup_stm32f103xe.o
EXTI2_IRQHandler                                  build/startup_stm32f103xe.o
EXTI3_IRQHandler                                  build/startup_stm32f103xe.o
EXTI4_IRQHandler                                  build/startup_stm32f103xe.o
EXTI9_5_IRQHandler                                build/startup_stm32f103xe.o
Error_Handler                                     build/main.o
                                                  build/usart.o
FLASH_IRQHandler                                  build/startup_stm32f103xe.o
FLASH_PageErase                                   build/stm32f1xx_hal_flash_ex.o
                                                  build/stm32f1xx_hal_flash.o
FLASH_WaitForLastOperation                        build/stm32f1xx_hal_flash.o
                                                  build/stm32f1xx_hal_flash_ex.o
FSMC_IRQHandler                                   build/startup_stm32f103xe.o
HAL_DBGMCU_DisableDBGSleepMode                    build/stm32f1xx_hal.o
HAL_DBGMCU_DisableDBGStandbyMode                  build/stm32f1xx_hal.o
HAL_DBGMCU_DisableDBGStopMode                     build/stm32f1xx_hal.o
HAL_DBGMCU_EnableDBGSleepMode                     build/stm32f1xx_hal.o
HAL_DBGMCU_EnableDBGStandbyMode                   build/stm32f1xx_hal.o
HAL_DBGMCU_EnableDBGStopMode                      build/stm32f1xx_hal.o
HAL_DMA_Abort                                     build/stm32f1xx_hal_dma.o
                                                  build/stm32f1xx_hal_uart.o
HAL_DMA_Abort_IT                                  build/stm32f1xx_hal_dma.o
                                                  build/stm32f1xx_hal_uart.o
HAL_DMA_DeInit                                    build/stm32f1xx_hal_dma.o
HAL_DMA_GetError                                  build/stm32f1xx_hal_dma.o
                                                  build/stm32f1xx_hal_uart.o
HAL_DMA_GetState                                  build/stm32f1xx_hal_dma.o
HAL_DMA_IRQHandler                                build/stm32f1xx_hal_dma.o
HAL_DMA_Init                                      build/stm32f1xx_hal_dma.o
HAL_DMA_PollForTransfer                           build/stm32f1xx_hal_dma.o
HAL_DMA_RegisterCallback                          build/stm32f1xx_hal_dma.o
HAL_DMA_Start                                     build/stm32f1xx_hal_dma.o
HAL_DMA_Start_IT                                  build/stm32f1xx_hal_dma.o
                                                  build/stm32f1xx_hal_uart.o
HAL_DMA_UnRegisterCallback                        build/stm32f1xx_hal_dma.o
HAL_DeInit                                        build/stm32f1xx_hal.o
HAL_Delay                                         build/stm32f1xx_hal.o
                                                  build/main.o
HAL_EXTI_ClearConfigLine                          build/stm32f1xx_hal_exti.o
HAL_EXTI_ClearPending                             build/stm32f1xx_hal_exti.o
HAL_EXTI_GenerateSWI                              build/stm32f1xx_hal_exti.o
HAL_EXTI_GetConfigLine                            build/stm32f1xx_hal_exti.o
HAL_EXTI_GetHandle                                build/stm32f1xx_hal_exti.o
HAL_EXTI_GetPending                               build/stm32f1xx_hal_exti.o
HAL_EXTI_IRQHandler                               build/stm32f1xx_hal_exti.o
HAL_EXTI_RegisterCallback                         build/stm32f1xx_hal_exti.o
HAL_EXTI_SetConfigLine                            build/stm32f1xx_hal_exti.o
HAL_FLASHEx_Erase                                 build/stm32f1xx_hal_flash_ex.o
HAL_FLASHEx_Erase_IT                              build/stm32f1xx_hal_flash_ex.o
HAL_FLASHEx_OBErase                               build/stm32f1xx_hal_flash_ex.o
HAL_FLASHEx_OBGetConfig                           build/stm32f1xx_hal_flash_ex.o
HAL_FLASHEx_OBGetUserData                         build/stm32f1xx_hal_flash_ex.o
HAL_FLASHEx_OBProgram                             build/stm32f1xx_hal_flash_ex.o
HAL_FLASH_EndOfOperationCallback                  build/stm32f1xx_hal_flash.o
HAL_FLASH_GetError                                build/stm32f1xx_hal_flash.o
HAL_FLASH_IRQHandler                              build/stm32f1xx_hal_flash.o
HAL_FLASH_Lock                                    build/stm32f1xx_hal_flash.o
HAL_FLASH_OB_Launch                               build/stm32f1xx_hal_flash.o
HAL_FLASH_OB_Lock                                 build/stm32f1xx_hal_flash.o
HAL_FLASH_OB_Unlock                               build/stm32f1xx_hal_flash.o
HAL_FLASH_OperationErrorCallback                  build/stm32f1xx_hal_flash.o
HAL_FLASH_Program                                 build/stm32f1xx_hal_flash.o
HAL_FLASH_Program_IT                              build/stm32f1xx_hal_flash.o
HAL_FLASH_Unlock                                  build/stm32f1xx_hal_flash.o
HAL_GPIOEx_ConfigEventout                         build/stm32f1xx_hal_gpio_ex.o
HAL_GPIOEx_DisableEventout                        build/stm32f1xx_hal_gpio_ex.o
HAL_GPIOEx_EnableEventout                         build/stm32f1xx_hal_gpio_ex.o
HAL_GPIO_DeInit                                   build/stm32f1xx_hal_gpio.o
                                                  build/usart.o
HAL_GPIO_EXTI_Callback                            build/stm32f1xx_hal_gpio.o
HAL_GPIO_EXTI_IRQHandler                          build/stm32f1xx_hal_gpio.o
HAL_GPIO_Init                                     build/stm32f1xx_hal_gpio.o
                                                  build/usart.o
                                                  build/stm32f1xx_hal_rcc.o
                                                  build/gpio.o
HAL_GPIO_LockPin                                  build/stm32f1xx_hal_gpio.o
HAL_GPIO_ReadPin                                  build/stm32f1xx_hal_gpio.o
HAL_GPIO_TogglePin                                build/stm32f1xx_hal_gpio.o
                                                  build/main.o
HAL_GPIO_WritePin                                 build/stm32f1xx_hal_gpio.o
                                                  build/gpio.o
HAL_GetDEVID                                      build/stm32f1xx_hal.o
HAL_GetHalVersion                                 build/stm32f1xx_hal.o
HAL_GetREVID                                      build/stm32f1xx_hal.o
HAL_GetTick                                       build/stm32f1xx_hal.o
                                                  build/stm32f1xx_hal_uart.o
                                                  build/stm32f1xx_hal_flash.o
                                                  build/stm32f1xx_hal_dma.o
                                                  build/stm32f1xx_hal_rcc_ex.o
                                                  build/stm32f1xx_hal_rcc.o
HAL_GetTickFreq                                   build/stm32f1xx_hal.o
HAL_GetTickPrio                                   build/stm32f1xx_hal.o
HAL_GetUIDw0                                      build/stm32f1xx_hal.o
HAL_GetUIDw1                                      build/stm32f1xx_hal.o
HAL_GetUIDw2                                      build/stm32f1xx_hal.o
HAL_HalfDuplex_EnableReceiver                     build/stm32f1xx_hal_uart.o
HAL_HalfDuplex_EnableTransmitter                  build/stm32f1xx_hal_uart.o
HAL_HalfDuplex_Init                               build/stm32f1xx_hal_uart.o
HAL_IncTick                                       build/stm32f1xx_hal.o
                                                  build/stm32f1xx_it.o
HAL_Init                                          build/stm32f1xx_hal.o
                                                  build/main.o
HAL_InitTick                                      build/stm32f1xx_hal.o
                                                  build/stm32f1xx_hal_rcc.o
HAL_LIN_Init                                      build/stm32f1xx_hal_uart.o
HAL_LIN_SendBreak                                 build/stm32f1xx_hal_uart.o
HAL_MspDeInit                                     build/stm32f1xx_hal.o
HAL_MspInit                                       build/stm32f1xx_hal_msp.o
HAL_MultiProcessor_EnterMuteMode                  build/stm32f1xx_hal_uart.o
HAL_MultiProcessor_ExitMuteMode                   build/stm32f1xx_hal_uart.o
HAL_MultiProcessor_Init                           build/stm32f1xx_hal_uart.o
HAL_NVIC_ClearPendingIRQ                          build/stm32f1xx_hal_cortex.o
HAL_NVIC_DisableIRQ                               build/stm32f1xx_hal_cortex.o
                                                  build/usart.o
HAL_NVIC_EnableIRQ                                build/stm32f1xx_hal_cortex.o
                                                  build/usart.o
HAL_NVIC_GetActive                                build/stm32f1xx_hal_cortex.o
HAL_NVIC_GetPendingIRQ                            build/stm32f1xx_hal_cortex.o
HAL_NVIC_GetPriority                              build/stm32f1xx_hal_cortex.o
HAL_NVIC_GetPriorityGrouping                      build/stm32f1xx_hal_cortex.o
HAL_NVIC_SetPendingIRQ                            build/stm32f1xx_hal_cortex.o
HAL_NVIC_SetPriority                              build/stm32f1xx_hal_cortex.o
                                                  build/usart.o
                                                  build/stm32f1xx_hal.o
HAL_NVIC_SetPriorityGrouping                      build/stm32f1xx_hal_cortex.o
                                                  build/stm32f1xx_hal.o
                                                  build/stm32f1xx_hal_msp.o
HAL_NVIC_SystemReset                              build/stm32f1xx_hal_cortex.o
                                                  build/stm32f1xx_hal_flash.o
HAL_PWR_ConfigPVD                                 build/stm32f1xx_hal_pwr.o
HAL_PWR_DeInit                                    build/stm32f1xx_hal_pwr.o
HAL_PWR_DisableBkUpAccess                         build/stm32f1xx_hal_pwr.o
HAL_PWR_DisablePVD                                build/stm32f1xx_hal_pwr.o
HAL_PWR_DisableSEVOnPend                          build/stm32f1xx_hal_pwr.o
HAL_PWR_DisableSleepOnExit                        build/stm32f1xx_hal_pwr.o
HAL_PWR_DisableWakeUpPin                          build/stm32f1xx_hal_pwr.o
HAL_PWR_EnableBkUpAccess                          build/stm32f1xx_hal_pwr.o
HAL_PWR_EnablePVD                                 build/stm32f1xx_hal_pwr.o
HAL_PWR_EnableSEVOnPend                           build/stm32f1xx_hal_pwr.o
HAL_PWR_EnableSleepOnExit                         build/stm32f1xx_hal_pwr.o
HAL_PWR_EnableWakeUpPin                           build/stm32f1xx_hal_pwr.o
HAL_PWR_EnterSLEEPMode                            build/stm32f1xx_hal_pwr.o
HAL_PWR_EnterSTANDBYMode                          build/stm32f1xx_hal_pwr.o
HAL_PWR_EnterSTOPMode                             build/stm32f1xx_hal_pwr.o
HAL_PWR_PVDCallback                               build/stm32f1xx_hal_pwr.o
HAL_PWR_PVD_IRQHandler                            build/stm32f1xx_hal_pwr.o
HAL_RCCEx_GetPeriphCLKConfig                      build/stm32f1xx_hal_rcc_ex.o
HAL_RCCEx_GetPeriphCLKFreq                        build/stm32f1xx_hal_rcc_ex.o
HAL_RCCEx_PeriphCLKConfig                         build/stm32f1xx_hal_rcc_ex.o
HAL_RCC_CSSCallback                               build/stm32f1xx_hal_rcc.o
HAL_RCC_ClockConfig                               build/stm32f1xx_hal_rcc.o
                                                  build/main.o
HAL_RCC_DeInit                                    build/stm32f1xx_hal_rcc.o
HAL_RCC_DisableCSS                                build/stm32f1xx_hal_rcc.o
HAL_RCC_EnableCSS                                 build/stm32f1xx_hal_rcc.o
                                                  build/main.o
HAL_RCC_GetClockConfig                            build/stm32f1xx_hal_rcc.o
HAL_RCC_GetHCLKFreq                               build/stm32f1xx_hal_rcc.o
HAL_RCC_GetOscConfig                              build/stm32f1xx_hal_rcc.o
HAL_RCC_GetPCLK1Freq                              build/stm32f1xx_hal_rcc.o
                                                  build/stm32f1xx_hal_uart.o
HAL_RCC_GetPCLK2Freq                              build/stm32f1xx_hal_rcc.o
                                                  build/stm32f1xx_hal_uart.o
                                                  build/stm32f1xx_hal_rcc_ex.o
HAL_RCC_GetSysClockFreq                           build/stm32f1xx_hal_rcc.o
                                                  build/stm32f1xx_hal_rcc_ex.o
HAL_RCC_MCOConfig                                 build/stm32f1xx_hal_rcc.o
HAL_RCC_NMI_IRQHandler                            build/stm32f1xx_hal_rcc.o
                                                  build/stm32f1xx_it.o
HAL_RCC_OscConfig                                 build/stm32f1xx_hal_rcc.o
                                                  build/main.o
HAL_ResumeTick                                    build/stm32f1xx_hal.o
HAL_SYSTICK_CLKSourceConfig                       build/stm32f1xx_hal_cortex.o
HAL_SYSTICK_Callback                              build/stm32f1xx_hal_cortex.o
HAL_SYSTICK_Config                                build/stm32f1xx_hal_cortex.o
                                                  build/stm32f1xx_hal.o
HAL_SYSTICK_IRQHandler                            build/stm32f1xx_hal_cortex.o
HAL_SetTickFreq                                   build/stm32f1xx_hal.o
HAL_SuspendTick                                   build/stm32f1xx_hal.o
HAL_UART_Abort                                    build/stm32f1xx_hal_uart.o
HAL_UART_AbortCpltCallback                        build/stm32f1xx_hal_uart.o
HAL_UART_AbortReceive                             build/stm32f1xx_hal_uart.o
HAL_UART_AbortReceiveCpltCallback                 build/stm32f1xx_hal_uart.o
HAL_UART_AbortReceive_IT                          build/stm32f1xx_hal_uart.o
HAL_UART_AbortTransmit                            build/stm32f1xx_hal_uart.o
HAL_UART_AbortTransmitCpltCallback                build/stm32f1xx_hal_uart.o